Archive member included to satisfy reference by file (symbol)

.\CortexM3\ARM_GCC_541\Debug\SinOutputWithReporting.a(CyDmac.o)
                              .\CortexM3\ARM_GCC_541\Debug\Cm3Start.o (CyDmacConfigure)
.\CortexM3\ARM_GCC_541\Debug\SinOutputWithReporting.a(CyLib.o)
                              .\CortexM3\ARM_GCC_541\Debug\Cm3Start.o (CyHalt)
.\CortexM3\ARM_GCC_541\Debug\SinOutputWithReporting.a(cyPm.o)
                              .\CortexM3\ARM_GCC_541\Debug\SinOutputWithReporting.a(CyLib.o) (CyPmReadStatus)
.\CortexM3\ARM_GCC_541\Debug\SinOutputWithReporting.a(AnalogClock.o)
                              .\CortexM3\ARM_GCC_541\Debug\main.o (AnalogClock_Start)
.\CortexM3\ARM_GCC_541\Debug\SinOutputWithReporting.a(WaveGen.o)
                              .\CortexM3\ARM_GCC_541\Debug\main.o (WaveGen_Stop)
.\CortexM3\ARM_GCC_541\Debug\SinOutputWithReporting.a(WaveGen_Wave1_DMA_dma.o)
                              .\CortexM3\ARM_GCC_541\Debug\SinOutputWithReporting.a(WaveGen.o) (WaveGen_Wave1_DMA_DmaInitialize)
.\CortexM3\ARM_GCC_541\Debug\SinOutputWithReporting.a(WaveGen_Wave2_DMA_dma.o)
                              .\CortexM3\ARM_GCC_541\Debug\SinOutputWithReporting.a(WaveGen.o) (WaveGen_Wave2_DMA_DmaInitialize)
.\CortexM3\ARM_GCC_541\Debug\SinOutputWithReporting.a(WaveGen_VDAC8.o)
                              .\CortexM3\ARM_GCC_541\Debug\SinOutputWithReporting.a(WaveGen.o) (WaveGen_VDAC8_Enable)
.\CortexM3\ARM_GCC_541\Debug\SinOutputWithReporting.a(WaveFormReader.o)
                              .\CortexM3\ARM_GCC_541\Debug\main.o (WaveFormReader_Start)
.\CortexM3\ARM_GCC_541\Debug\SinOutputWithReporting.a(WaveFormReader_INT.o)
                              .\CortexM3\ARM_GCC_541\Debug\SinOutputWithReporting.a(WaveFormReader.o) (WaveFormReader_ISR)
.\CortexM3\ARM_GCC_541\Debug\SinOutputWithReporting.a(WaveFormReader_theACLK.o)
                              .\CortexM3\ARM_GCC_541\Debug\SinOutputWithReporting.a(WaveFormReader.o) (WaveFormReader_theACLK_SetModeRegister)
.\CortexM3\ARM_GCC_541\Debug\SinOutputWithReporting.a(USBCOMM.o)
                              .\CortexM3\ARM_GCC_541\Debug\main.o (USBCOMM_Start)
.\CortexM3\ARM_GCC_541\Debug\SinOutputWithReporting.a(USBCOMM_drv.o)
                              .\CortexM3\ARM_GCC_541\Debug\SinOutputWithReporting.a(USBCOMM.o) (USBCOMM_lastPacketSize)
.\CortexM3\ARM_GCC_541\Debug\SinOutputWithReporting.a(USBCOMM_episr.o)
                              .\CortexM3\ARM_GCC_541\Debug\SinOutputWithReporting.a(USBCOMM.o) (USBCOMM_EP_1_ISR)
.\CortexM3\ARM_GCC_541\Debug\SinOutputWithReporting.a(USBCOMM_pm.o)
                              .\CortexM3\ARM_GCC_541\Debug\SinOutputWithReporting.a(USBCOMM.o) (USBCOMM_DP_ISR)
.\CortexM3\ARM_GCC_541\Debug\SinOutputWithReporting.a(USBCOMM_std.o)
                              .\CortexM3\ARM_GCC_541\Debug\SinOutputWithReporting.a(USBCOMM_pm.o) (USBCOMM_ConfigReg)
.\CortexM3\ARM_GCC_541\Debug\SinOutputWithReporting.a(USBCOMM_vnd.o)
                              .\CortexM3\ARM_GCC_541\Debug\SinOutputWithReporting.a(USBCOMM_drv.o) (USBCOMM_HandleVendorRqst)
.\CortexM3\ARM_GCC_541\Debug\SinOutputWithReporting.a(USBCOMM_Dp.o)
                              .\CortexM3\ARM_GCC_541\Debug\SinOutputWithReporting.a(USBCOMM.o) (USBCOMM_Dp_ClearInterrupt)
.\CortexM3\ARM_GCC_541\Debug\SinOutputWithReporting.a(CyBootAsmGnu.o)
                              .\CortexM3\ARM_GCC_541\Debug\cyfitter_cfg.o (CyDelayCycles)
.\CortexM3\ARM_GCC_541\Debug\SinOutputWithReporting.a(CyFlash.o)
                              .\CortexM3\ARM_GCC_541\Debug\SinOutputWithReporting.a(cyPm.o) (CyFlash_SetWaitCycles)
.\CortexM3\ARM_GCC_541\Debug\SinOutputWithReporting.a(CySpc.o)
                              .\CortexM3\ARM_GCC_541\Debug\SinOutputWithReporting.a(CyFlash.o) (CySpcStart)
.\CortexM3\ARM_GCC_541\Debug\SinOutputWithReporting.a(USBCOMM_cls.o)
                              .\CortexM3\ARM_GCC_541\Debug\SinOutputWithReporting.a(USBCOMM_drv.o) (USBCOMM_DispatchClassRqst)
.\CortexM3\ARM_GCC_541\Debug\SinOutputWithReporting.a(USBCOMM_descr.o)
                              .\CortexM3\ARM_GCC_541\Debug\SinOutputWithReporting.a(USBCOMM_std.o) (USBCOMM_idSerialNumberStringDescriptor)
c:/program files (x86)/cypress/psoc creator/4.2/psoc creator/import/gnu/arm/5.4.1/bin/../lib/gcc/arm-none-eabi/5.4.1/armv7-m\libgcc.a(_arm_addsubsf3.o)
                              .\CortexM3\ARM_GCC_541\Debug\SinOutputWithReporting.a(WaveFormReader.o) (__aeabi_i2f)
c:/program files (x86)/cypress/psoc creator/4.2/psoc creator/import/gnu/arm/5.4.1/bin/../lib/gcc/arm-none-eabi/5.4.1/armv7-m\libgcc.a(_arm_muldivsf3.o)
                              .\CortexM3\ARM_GCC_541\Debug\SinOutputWithReporting.a(WaveFormReader.o) (__aeabi_fmul)
c:/program files (x86)/cypress/psoc creator/4.2/psoc creator/import/gnu/arm/5.4.1/bin/../lib/gcc/arm-none-eabi/5.4.1/armv7-m\libgcc.a(_aeabi_ldivmod.o)
[...]
Memory Configuration

Name             Origin             Length             Attributes
rom              0x00000000         0x00040000         xr
ram              0x1fff8000         0x00010000         xrw
*default*        0x00000000         0xffffffff

Linker script and memory map

LOAD c:/program files (x86)/cypress/psoc creator/4.2/psoc creator/import/gnu/arm/5.4.1/bin/../lib/gcc/arm-none-eabi/5.4.1/armv7-m/crti.o
LOAD c:/program files (x86)/cypress/psoc creator/4.2/psoc creator/import/gnu/arm/5.4.1/bin/../lib/gcc/arm-none-eabi/5.4.1/armv7-m/crtbegin.o
LOAD c:/program files (x86)/cypress/psoc creator/4.2/psoc creator/import/gnu/arm/5.4.1/bin/../lib/gcc/arm-none-eabi/5.4.1/../../../../arm-none-eabi/lib/armv7-m/crt0.o
START GROUP
LOAD .\CortexM3\ARM_GCC_541\Debug\main.o
LOAD .\CortexM3\ARM_GCC_541\Debug\cyfitter_cfg.o
LOAD .\CortexM3\ARM_GCC_541\Debug\cymetadata.o
LOAD .\CortexM3\ARM_GCC_541\Debug\Cm3Start.o
LOAD .\CortexM3\ARM_GCC_541\Debug\SinOutputWithReporting.a
LOAD C:\Program Files (x86)\Cypress\PSoC Creator\4.2\PSoC Creator\psoc\content\cycomponentlibrary\CyComponentLibrary.cylib\CortexM3\ARM_GCC_541\Debug\CyComponentLibrary.a
END GROUP
START GROUP
LOAD c:/program files (x86)/cypress/psoc creator/4.2/psoc creator/import/gnu/arm/5.4.1/bin/../lib/gcc/arm-none-eabi/5.4.1/armv7-m\libgcc.a
LOAD c:/program files (x86)/cypress/psoc creator/4.2/psoc creator/import/gnu/arm/5.4.1/bin/../lib/gcc/arm-none-eabi/5.4.1/../../../../arm-none-eabi/lib/armv7-m\libg_nano.a
LOAD c:/program files (x86)/cypress/psoc creator/4.2/psoc creator/import/gnu/arm/5.4.1/bin/../lib/gcc/arm-none-eabi/5.4.1/../../../../arm-none-eabi/lib/armv7-m\libc_nano.a
END GROUP
START GROUP
LOAD c:/program files (x86)/cypress/psoc creator/4.2/psoc creator/import/gnu/arm/5.4.1/bin/../lib/gcc/arm-none-eabi/5.4.1/armv7-m\libgcc.a
LOAD c:/program files (x86)/cypress/psoc creator/4.2/psoc creator/import/gnu/arm/5.4.1/bin/../lib/gcc/arm-none-eabi/5.4.1/../../../../arm-none-eabi/lib/armv7-m\libc_nano.a
END GROUP
LOAD c:/program files (x86)/cypress/psoc creator/4.2/psoc creator/import/gnu/arm/5.4.1/bin/../lib/gcc/arm-none-eabi/5.4.1/armv7-m/crtend.o
LOAD c:/program files (x86)/cypress/psoc creator/4.2/psoc creator/import/gnu/arm/5.4.1/bin/../lib/gcc/arm-none-eabi/5.4.1/armv7-m/crtn.o
START GROUP
LOAD c:/program files (x86)/cypress/psoc creator/4.2/psoc creator/import/gnu/arm/5.4.1/bin/../lib/gcc/arm-none-eabi/5.4.1/armv7-m\libgcc.a
LOAD c:/program files (x86)/cypress/psoc creator/4.2/psoc creator/import/gnu/arm/5.4.1/bin/../lib/gcc/arm-none-eabi/5.4.1/../../../../arm-none-eabi/lib/armv7-m\libc.a
LOAD c:/program files (x86)/cypress/psoc creator/4.2/psoc creator/import/gnu/arm/5.4.1/bin/../lib/gcc/arm-none-eabi/5.4.1/../../../../arm-none-eabi/lib/armv7-m\libnosys.a
END GROUP
                0x00000000                CY_APPL_ORIGIN = 0x0
                0x00000100                CY_FLASH_ROW_SIZE = 0x100
                0x00000020                CY_ECC_ROW_SIZE = 0x20
                0x00000000                CY_EE_IN_BTLDR = 0x0
                0x00000000                CY_APPL_LOADABLE = 0x0
                0x00000800                CY_EE_SIZE = 0x800
                0x00000001                CY_APPL_NUM = 0x1
                0x00000001                CY_APPL_MAX = 0x1
                0x00000040                CY_METADATA_SIZE = 0x40
                0x00000000                CY_APPL_LOADABLE = 0x0
                0x00000000                CY_CHECKSUM_EXCLUDE_SIZE = ALIGN (0x0, CY_FLASH_ROW_SIZE)
                [!provide]                PROVIDE (__cy_heap_start, _end)
                0x00000001                PROVIDE (__cy_region_num, ((__cy_regions_end - __cy_regions) / 0x10))
                0x20008000                PROVIDE (__cy_stack, (ORIGIN (ram) + LENGTH (ram)))
                [!provide]                PROVIDE (__cy_heap_end, (__cy_stack - 0x800))

.cybootloader   0x00000000        0x0
 *(.cybootloader)
                0x00000000                appl1_start = CY_APPL_ORIGIN?CY_APPL_ORIGIN:ALIGN (CY_FLASH_ROW_SIZE)
                0x0001ff00                appl2_start = (appl1_start + ALIGN ((((LENGTH (rom) - appl1_start) - (0x2 * CY_FLASH_ROW_SIZE)) / 0x2), CY_FLASH_ROW_SIZE))
                0x00000000                appl_start = (CY_APPL_NUM == 0x1)?appl1_start:appl2_start
                0x00000000                ecc_offset = ((appl_start / CY_FLASH_ROW_SIZE) * CY_ECC_ROW_SIZE)
                0x00000000                ee_offset = (CY_APPL_LOADABLE && ! (CY_EE_IN_BTLDR))?((CY_EE_SIZE / CY_APPL_MAX) * (CY_APPL_NUM - 0x1)):0x0
                0x00000800                ee_size = (CY_APPL_LOADABLE && ! (CY_EE_IN_BTLDR))?(CY_EE_SIZE / CY_APPL_MAX):CY_EE_SIZE
                [!provide]                PROVIDE (CY_ECC_OFFSET, ecc_offset)

.text           0x00000000     0x4b70
 CREATE_OBJECT_SYMBOLS
                0x00000000                PROVIDE (__cy_interrupt_vector, RomVectors)
 *(.romvectors)
 .romvectors    0x00000000       0x10 .\CortexM3\ARM_GCC_541\Debug\Cm3Start.o
                0x00000000                RomVectors
                0x00000001                ASSERT ((. != __cy_interrupt_vector), No interrupt vector)
                0x00000001                ASSERT (CY_APPL_ORIGIN?(SIZEOF (.cybootloader) <= CY_APPL_ORIGIN):0x1, Wrong image location)
                0x00000010                PROVIDE (__cy_reset, Reset)
 *(.text.Reset)
 .text.Reset    0x00000010       0x18 .\CortexM3\ARM_GCC_541\Debug\Cm3Start.o
                0x00000010                Reset
                0x00000001                ASSERT ((. != __cy_reset), No reset code)
 *(.dma_init)
                0x00000001                ASSERT ((((appl_start + .) <= 0x10000) || 0x1), DMA Init must be within the first 64k of flash)
 *(.text .text.* .gnu.linkonce.t.*)
 .text          0x00000028       0x5c c:/program files (x86)/cypress/psoc creator/4.2/psoc creator/import/gnu/arm/5.4.1/bin/../lib/gcc/arm-none-eabi/5.4.1/armv7-m/crtbegin.o
 .text.StartAnalogOut
                0x00000084       0x18 .\CortexM3\ARM_GCC_541\Debug\main.o
                0x00000084                StartAnalogOut
 .text.StopAnalogOut
                0x0000009c        0xc .\CortexM3\ARM_GCC_541\Debug\main.o
                0x0000009c                StopAnalogOut
 .text.SetFreq  0x000000a8       0x18 .\CortexM3\ARM_GCC_541\Debug\main.o
                0x000000a8                SetFreq
 .text.ReadVoltage
                0x000000c0       0x14 .\CortexM3\ARM_GCC_541\Debug\main.o
                0x000000c0                ReadVoltage
 *fill*         0x000000d4        0x4 
 .text.ProcessCommand
                0x000000d8      0x104 .\CortexM3\ARM_GCC_541\Debug\main.o
                0x000000d8                ProcessCommand
 .text.main     0x000001dc       0x78 .\CortexM3\ARM_GCC_541\Debug\main.o
                0x000001dc                main
 .text.CyClockStartupError
                0x00000254        0x4 .\CortexM3\ARM_GCC_541\Debug\cyfitter_cfg.o
 .text.cfg_write_bytes32
                0x00000258       0x34 .\CortexM3\ARM_GCC_541\Debug\cyfitter_cfg.o
 .text.CYMEMZERO
                0x0000028c        0xc .\CortexM3\ARM_GCC_541\Debug\cyfitter_cfg.o
 .text.AnalogSetDefault
                0x00000298       0x84 .\CortexM3\ARM_GCC_541\Debug\cyfitter_cfg.o
 .text.CYCONFIGCPY
                0x0000031c        0x8 .\CortexM3\ARM_GCC_541\Debug\cyfitter_cfg.o
 .text.ClockSetup
                0x00000324       0xe8 .\CortexM3\ARM_GCC_541\Debug\cyfitter_cfg.o
 .text.cyfitter_cfg
                0x0000040c       0xfc .\CortexM3\ARM_GCC_541\Debug\cyfitter_cfg.o
                0x0000040c                cyfitter_cfg
 .text.IntDefaultHandler
                0x00000508       0x10 .\CortexM3\ARM_GCC_541\Debug\Cm3Start.o
                0x00000508                IntDefaultHandler
 .text._sbrk    0x00000518       0x30 .\CortexM3\ARM_GCC_541\Debug\Cm3Start.o
                0x00000518                _sbrk
 .text.Start_c  0x00000548       0x4c .\CortexM3\ARM_GCC_541\Debug\Cm3Start.o
                0x00000548                Start_c
 .text.initialize_psoc
                0x00000594       0x6c .\CortexM3\ARM_GCC_541\Debug\Cm3Start.o
                0x00000594                initialize_psoc
 .text.CyDmacConfigure
                0x00000600       0x34 .\CortexM3\ARM_GCC_541\Debug\SinOutputWithReporting.a(CyDmac.o)
                0x00000600                CyDmacConfigure
 .text.CyDmaChEnable
                0x00000634       0x38 .\CortexM3\ARM_GCC_541\Debug\SinOutputWithReporting.a(CyDmac.o)
                0x00000634                CyDmaChEnable
 .text.CyDmaChDisable
                0x0000066c       0x24 .\CortexM3\ARM_GCC_541\Debug\SinOutputWithReporting.a(CyDmac.o)
                0x0000066c                CyDmaChDisable
 .text.CyDmaChPriority
                0x00000690       0x24 .\CortexM3\ARM_GCC_541\Debug\SinOutputWithReporting.a(CyDmac.o)
                0x00000690                CyDmaChPriority
 .text.CyDmaChSetExtendedAddress
                0x000006b4       0x34 .\CortexM3\ARM_GCC_541\Debug\SinOutputWithReporting.a(CyDmac.o)
                0x000006b4                CyDmaChSetExtendedAddress
 .text.CyDmaChSetInitialTd
                0x000006e8       0x18 .\CortexM3\ARM_GCC_541\Debug\SinOutputWithReporting.a(CyDmac.o)
                0x000006e8                CyDmaChSetInitialTd
 .text.CyDmaChSetConfiguration
                0x00000700       0x44 .\CortexM3\ARM_GCC_541\Debug\SinOutputWithReporting.a(CyDmac.o)
                0x00000700                CyDmaChSetConfiguration
 .text.CyDmaTdAllocate
                0x00000744       0x34 .\CortexM3\ARM_GCC_541\Debug\SinOutputWithReporting.a(CyDmac.o)
                0x00000744                CyDmaTdAllocate
 .text.CyDmaTdSetConfiguration
                0x00000778       0x28 .\CortexM3\ARM_GCC_541\Debug\SinOutputWithReporting.a(CyDmac.o)
                0x00000778                CyDmaTdSetConfiguration
 .text.CyDmaTdSetAddress
                0x000007a0       0x1c .\CortexM3\ARM_GCC_541\Debug\SinOutputWithReporting.a(CyDmac.o)
                0x000007a0                CyDmaTdSetAddress
 .text.CyHalt   0x000007bc        0x4 .\CortexM3\ARM_GCC_541\Debug\SinOutputWithReporting.a(CyLib.o)
                0x000007bc                CyHalt
 .text.CyDelayUs
                0x000007c0       0x14 .\CortexM3\ARM_GCC_541\Debug\SinOutputWithReporting.a(CyLib.o)
                0x000007c0                CyDelayUs
 .text.CyIntSetVector
                0x000007d4       0x28 .\CortexM3\ARM_GCC_541\Debug\SinOutputWithReporting.a(CyLib.o)
                0x000007d4                CyIntSetVector
 .text.CyIntSetPriority
                0x000007fc       0x30 .\CortexM3\ARM_GCC_541\Debug\SinOutputWithReporting.a(CyLib.o)
                0x000007fc                CyIntSetPriority
 .text.CyGetUniqueId
                0x0000082c       0x70 .\CortexM3\ARM_GCC_541\Debug\SinOutputWithReporting.a(CyLib.o)
                0x0000082c                CyGetUniqueId
 .text.AnalogClock_Start
                0x0000089c       0x1c .\CortexM3\ARM_GCC_541\Debug\SinOutputWithReporting.a(AnalogClock.o)
                0x0000089c                AnalogClock_Start
 .text.AnalogClock_GetDividerRegister
                0x000008b8        0xc .\CortexM3\ARM_GCC_541\Debug\SinOutputWithReporting.a(AnalogClock.o)
                0x000008b8                AnalogClock_GetDividerRegister
 .text.AnalogClock_GetSourceRegister
                0x000008c4       0x10 .\CortexM3\ARM_GCC_541\Debug\SinOutputWithReporting.a(AnalogClock.o)
                0x000008c4                AnalogClock_GetSourceRegister
 .text.AnalogClock_SetDividerRegister
                0x000008d4       0xd8 .\CortexM3\ARM_GCC_541\Debug\SinOutputWithReporting.a(AnalogClock.o)
                0x000008d4                AnalogClock_SetDividerRegister
 .text.WaveGen_Enable
                0x000009ac       0x24 .\CortexM3\ARM_GCC_541\Debug\SinOutputWithReporting.a(WaveGen.o)
                0x000009ac                WaveGen_Enable
 .text.WaveGen_Stop
                0x000009d0       0x1c .\CortexM3\ARM_GCC_541\Debug\SinOutputWithReporting.a(WaveGen.o)
                0x000009d0                WaveGen_Stop
 .text.WaveGen_Wave1Setup
                0x000009ec       0x40 .\CortexM3\ARM_GCC_541\Debug\SinOutputWithReporting.a(WaveGen.o)
                0x000009ec                WaveGen_Wave1Setup
 .text.WaveGen_Wave2Setup
                0x00000a2c       0x40 .\CortexM3\ARM_GCC_541\Debug\SinOutputWithReporting.a(WaveGen.o)
                0x00000a2c                WaveGen_Wave2Setup
 .text.WaveGen_Init
                0x00000a6c       0x40 .\CortexM3\ARM_GCC_541\Debug\SinOutputWithReporting.a(WaveGen.o)
                0x00000a6c                WaveGen_Init
 .text.WaveGen_Start
                0x00000aac       0x1c .\CortexM3\ARM_GCC_541\Debug\SinOutputWithReporting.a(WaveGen.o)
                0x00000aac                WaveGen_Start
 .text.WaveGen_Wave1_DMA_DmaInitialize
                0x00000ac8       0x3c .\CortexM3\ARM_GCC_541\Debug\SinOutputWithReporting.a(WaveGen_Wave1_DMA_dma.o)
                0x00000ac8                WaveGen_Wave1_DMA_DmaInitialize
 .text.WaveGen_Wave2_DMA_DmaInitialize
                0x00000b04       0x3c .\CortexM3\ARM_GCC_541\Debug\SinOutputWithReporting.a(WaveGen_Wave2_DMA_dma.o)
                0x00000b04                WaveGen_Wave2_DMA_DmaInitialize
 .text.WaveGen_VDAC8_Enable
                0x00000b40       0x1c .\CortexM3\ARM_GCC_541\Debug\SinOutputWithReporting.a(WaveGen_VDAC8.o)
                0x00000b40                WaveGen_VDAC8_Enable
 .text.WaveGen_VDAC8_Stop
                0x00000b5c       0x1c .\CortexM3\ARM_GCC_541\Debug\SinOutputWithReporting.a(WaveGen_VDAC8.o)
                0x00000b5c                WaveGen_VDAC8_Stop
 .text.WaveGen_VDAC8_SetSpeed
                0x00000b78       0x1c .\CortexM3\ARM_GCC_541\Debug\SinOutputWithReporting.a(WaveGen_VDAC8.o)
                0x00000b78                WaveGen_VDAC8_SetSpeed
 .text.WaveGen_VDAC8_SetValue
                0x00000b94        0xc .\CortexM3\ARM_GCC_541\Debug\SinOutputWithReporting.a(WaveGen_VDAC8.o)
                0x00000b94                WaveGen_VDAC8_SetValue
 .text.WaveGen_VDAC8_DacTrim
                0x00000ba0       0x24 .\CortexM3\ARM_GCC_541\Debug\SinOutputWithReporting.a(WaveGen_VDAC8.o)
                0x00000ba0                WaveGen_VDAC8_DacTrim
 .text.WaveGen_VDAC8_SetRange
                0x00000bc4       0x20 .\CortexM3\ARM_GCC_541\Debug\SinOutputWithReporting.a(WaveGen_VDAC8.o)
                0x00000bc4                WaveGen_VDAC8_SetRange
 .text.WaveGen_VDAC8_Init
                0x00000be4       0x2c .\CortexM3\ARM_GCC_541\Debug\SinOutputWithReporting.a(WaveGen_VDAC8.o)
                0x00000be4                WaveGen_VDAC8_Init
 .text.WaveFormReader_CalcGain
                0x00000c10       0x64 .\CortexM3\ARM_GCC_541\Debug\SinOutputWithReporting.a(WaveFormReader.o)
 .text.WaveFormReader_Enable
                0x00000c74       0x94 .\CortexM3\ARM_GCC_541\Debug\SinOutputWithReporting.a(WaveFormReader.o)
                0x00000c74                WaveFormReader_Enable
 .text.WaveFormReader_SetResolution
                0x00000d08       0x38 .\CortexM3\ARM_GCC_541\Debug\SinOutputWithReporting.a(WaveFormReader.o)
                0x00000d08                WaveFormReader_SetResolution
 .text.WaveFormReader_Init
                0x00000d40       0x3c .\CortexM3\ARM_GCC_541\Debug\SinOutputWithReporting.a(WaveFormReader.o)
                0x00000d40                WaveFormReader_Init
 .text.WaveFormReader_Start
                0x00000d7c       0x1c .\CortexM3\ARM_GCC_541\Debug\SinOutputWithReporting.a(WaveFormReader.o)
                0x00000d7c                WaveFormReader_Start
 .text.WaveFormReader_StartConvert
                0x00000d98       0x10 .\CortexM3\ARM_GCC_541\Debug\SinOutputWithReporting.a(WaveFormReader.o)
                0x00000d98                WaveFormReader_StartConvert
 .text.WaveFormReader_IsEndConversion
                0x00000da8       0x24 .\CortexM3\ARM_GCC_541\Debug\SinOutputWithReporting.a(WaveFormReader.o)
                0x00000da8                WaveFormReader_IsEndConversion
 .text.WaveFormReader_GetResult16
                0x00000dcc       0x18 .\CortexM3\ARM_GCC_541\Debug\SinOutputWithReporting.a(WaveFormReader.o)
                0x00000dcc                WaveFormReader_GetResult16
 .text.WaveFormReader_CountsTo_mVolts
                0x00000de4       0x58 .\CortexM3\ARM_GCC_541\Debug\SinOutputWithReporting.a(WaveFormReader.o)
                0x00000de4                WaveFormReader_CountsTo_mVolts
 .text.WaveFormReader_ISR
                0x00000e3c        0x4 .\CortexM3\ARM_GCC_541\Debug\SinOutputWithReporting.a(WaveFormReader_INT.o)
                0x00000e3c                WaveFormReader_ISR
 .text.WaveFormReader_theACLK_SetModeRegister
                0x00000e40       0x14 .\CortexM3\ARM_GCC_541\Debug\SinOutputWithReporting.a(WaveFormReader_theACLK.o)
                0x00000e40                WaveFormReader_theACLK_SetModeRegister
 .text.USBCOMM_Init
                0x00000e54      0x12c .\CortexM3\ARM_GCC_541\Debug\SinOutputWithReporting.a(USBCOMM.o)
                0x00000e54                USBCOMM_Init
 .text.USBCOMM_InitComponent
                0x00000f80       0xb4 .\CortexM3\ARM_GCC_541\Debug\SinOutputWithReporting.a(USBCOMM.o)
                0x00000f80                USBCOMM_InitComponent
 .text.USBCOMM_Start
                0x00001034       0x24 .\CortexM3\ARM_GCC_541\Debug\SinOutputWithReporting.a(USBCOMM.o)
                0x00001034                USBCOMM_Start
 .text.USBCOMM_ReInitComponent
                0x00001058       0x4c .\CortexM3\ARM_GCC_541\Debug\SinOutputWithReporting.a(USBCOMM.o)
                0x00001058                USBCOMM_ReInitComponent
 .text.USBCOMM_GetConfiguration
                0x000010a4        0xc .\CortexM3\ARM_GCC_541\Debug\SinOutputWithReporting.a(USBCOMM.o)
                0x000010a4                USBCOMM_GetConfiguration
 .text.USBCOMM_IsConfigurationChanged
                0x000010b0       0x20 .\CortexM3\ARM_GCC_541\Debug\SinOutputWithReporting.a(USBCOMM.o)
                0x000010b0                USBCOMM_IsConfigurationChanged
 .text.USBCOMM_GetEPState
                0x000010d0       0x14 .\CortexM3\ARM_GCC_541\Debug\SinOutputWithReporting.a(USBCOMM.o)
                0x000010d0                USBCOMM_GetEPState
 .text.USBCOMM_GetEPCount
                0x000010e4       0x28 .\CortexM3\ARM_GCC_541\Debug\SinOutputWithReporting.a(USBCOMM.o)
                0x000010e4                USBCOMM_GetEPCount
 .text.USBCOMM_LoadInEP
                0x0000110c       0x94 .\CortexM3\ARM_GCC_541\Debug\SinOutputWithReporting.a(USBCOMM.o)
                0x0000110c                USBCOMM_LoadInEP
 .text.USBCOMM_EnableOutEP
                0x000011a0       0x2c .\CortexM3\ARM_GCC_541\Debug\SinOutputWithReporting.a(USBCOMM.o)
                0x000011a0                USBCOMM_EnableOutEP
 .text.USBCOMM_ReadOutEP
                0x000011cc       0x50 .\CortexM3\ARM_GCC_541\Debug\SinOutputWithReporting.a(USBCOMM.o)
                0x000011cc                USBCOMM_ReadOutEP
 .text.USBCOMM_LoadEP0
                0x0000121c       0x98 .\CortexM3\ARM_GCC_541\Debug\SinOutputWithReporting.a(USBCOMM_drv.o)
                0x0000121c                USBCOMM_LoadEP0
 .text.USBCOMM_InitZeroLengthControlTransfer
                0x000012b4       0x34 .\CortexM3\ARM_GCC_541\Debug\SinOutputWithReporting.a(USBCOMM_drv.o)
                0x000012b4                USBCOMM_InitZeroLengthControlTransfer
 .text.USBCOMM_ControlReadDataStage
                0x000012e8        0x8 .\CortexM3\ARM_GCC_541\Debug\SinOutputWithReporting.a(USBCOMM_drv.o)
                0x000012e8                USBCOMM_ControlReadDataStage
 .text.USBCOMM_ControlWriteDataStage
                0x000012f0       0x84 .\CortexM3\ARM_GCC_541\Debug\SinOutputWithReporting.a(USBCOMM_drv.o)
                0x000012f0                USBCOMM_ControlWriteDataStage
 .text.USBCOMM_InitNoDataControlTransfer
                0x00001374       0x2c .\CortexM3\ARM_GCC_541\Debug\SinOutputWithReporting.a(USBCOMM_drv.o)
                0x00001374                USBCOMM_InitNoDataControlTransfer
 .text.USBCOMM_UpdateStatusBlock
                0x000013a0       0x24 .\CortexM3\ARM_GCC_541\Debug\SinOutputWithReporting.a(USBCOMM_drv.o)
                0x000013a0                USBCOMM_UpdateStatusBlock
 .text.USBCOMM_HandleSetup
                0x000013c4       0x5c .\CortexM3\ARM_GCC_541\Debug\SinOutputWithReporting.a(USBCOMM_drv.o)
                0x000013c4                USBCOMM_HandleSetup
 .text.USBCOMM_ControlReadStatusStage
                0x00001420       0x38 .\CortexM3\ARM_GCC_541\Debug\SinOutputWithReporting.a(USBCOMM_drv.o)
                0x00001420                USBCOMM_ControlReadStatusStage
 .text.USBCOMM_HandleOUT
                0x00001458       0x38 .\CortexM3\ARM_GCC_541\Debug\SinOutputWithReporting.a(USBCOMM_drv.o)
                0x00001458                USBCOMM_HandleOUT
 .text.USBCOMM_ControlWriteStatusStage
                0x00001490       0x20 .\CortexM3\ARM_GCC_541\Debug\SinOutputWithReporting.a(USBCOMM_drv.o)
                0x00001490                USBCOMM_ControlWriteStatusStage
 .text.USBCOMM_NoDataControlStatusStage
                0x000014b0       0x40 .\CortexM3\ARM_GCC_541\Debug\SinOutputWithReporting.a(USBCOMM_drv.o)
                0x000014b0                USBCOMM_NoDataControlStatusStage
 .text.USBCOMM_HandleIN
                0x000014f0       0x2c .\CortexM3\ARM_GCC_541\Debug\SinOutputWithReporting.a(USBCOMM_drv.o)
                0x000014f0                USBCOMM_HandleIN
 .text.USBCOMM_EP_0_ISR
                0x0000151c       0xb8 .\CortexM3\ARM_GCC_541\Debug\SinOutputWithReporting.a(USBCOMM_drv.o)
                0x0000151c                USBCOMM_EP_0_ISR
 .text.USBCOMM_InitializeStatusBlock
                0x000015d4       0x24 .\CortexM3\ARM_GCC_541\Debug\SinOutputWithReporting.a(USBCOMM_drv.o)
                0x000015d4                USBCOMM_InitializeStatusBlock
 .text.USBCOMM_InitControlRead
                0x000015f8       0x50 .\CortexM3\ARM_GCC_541\Debug\SinOutputWithReporting.a(USBCOMM_drv.o)
                0x000015f8                USBCOMM_InitControlRead
 .text.USBCOMM_EP_1_ISR
                0x00001648       0x30 .\CortexM3\ARM_GCC_541\Debug\SinOutputWithReporting.a(USBCOMM_episr.o)
                0x00001648                USBCOMM_EP_1_ISR
 .text.USBCOMM_EP_2_ISR
                0x00001678       0x34 .\CortexM3\ARM_GCC_541\Debug\SinOutputWithReporting.a(USBCOMM_episr.o)
                0x00001678                USBCOMM_EP_2_ISR
 .text.USBCOMM_SOF_ISR
                0x000016ac        0x4 .\CortexM3\ARM_GCC_541\Debug\SinOutputWithReporting.a(USBCOMM_episr.o)
                0x000016ac                USBCOMM_SOF_ISR
 .text.USBCOMM_BUS_RESET_ISR
                0x000016b0        0x8 .\CortexM3\ARM_GCC_541\Debug\SinOutputWithReporting.a(USBCOMM_episr.o)
                0x000016b0                USBCOMM_BUS_RESET_ISR
 .text.USBCOMM_DP_ISR
                0x000016b8        0x8 .\CortexM3\ARM_GCC_541\Debug\SinOutputWithReporting.a(USBCOMM_pm.o)
                0x000016b8                USBCOMM_DP_ISR
 .text.USBCOMM_ReadDieID
                0x000016c0       0x6c .\CortexM3\ARM_GCC_541\Debug\SinOutputWithReporting.a(USBCOMM_std.o)
                0x000016c0                USBCOMM_ReadDieID
 .text.USBCOMM_ConfigReg
                0x0000172c       0xa4 .\CortexM3\ARM_GCC_541\Debug\SinOutputWithReporting.a(USBCOMM_std.o)
                0x0000172c                USBCOMM_ConfigReg
 .text.USBCOMM_GetConfigTablePtr
                0x000017d0       0x28 .\CortexM3\ARM_GCC_541\Debug\SinOutputWithReporting.a(USBCOMM_std.o)
                0x000017d0                USBCOMM_GetConfigTablePtr
 .text.USBCOMM_ConfigAltChanged
                0x000017f8      0x11c .\CortexM3\ARM_GCC_541\Debug\SinOutputWithReporting.a(USBCOMM_std.o)
                0x000017f8                USBCOMM_ConfigAltChanged
 .text.USBCOMM_GetDeviceTablePtr
                0x00001914       0x18 .\CortexM3\ARM_GCC_541\Debug\SinOutputWithReporting.a(USBCOMM_std.o)
                0x00001914                USBCOMM_GetDeviceTablePtr
 .text.USBCOMM_GetInterfaceClassTablePtr
                0x0000192c       0x28 .\CortexM3\ARM_GCC_541\Debug\SinOutputWithReporting.a(USBCOMM_std.o)
                0x0000192c                USBCOMM_GetInterfaceClassTablePtr
 .text.USBCOMM_Config
                0x00001954      0x1cc .\CortexM3\ARM_GCC_541\Debug\SinOutputWithReporting.a(USBCOMM_std.o)
                0x00001954                USBCOMM_Config
 .text.USBCOMM_SetEndpointHalt
                0x00001b20       0x64 .\CortexM3\ARM_GCC_541\Debug\SinOutputWithReporting.a(USBCOMM_std.o)
                0x00001b20                USBCOMM_SetEndpointHalt
 .text.USBCOMM_ClearEndpointHalt
                0x00001b84       0xac .\CortexM3\ARM_GCC_541\Debug\SinOutputWithReporting.a(USBCOMM_std.o)
                0x00001b84                USBCOMM_ClearEndpointHalt
 .text.USBCOMM_ValidateAlternateSetting
                0x00001c30       0x4c .\CortexM3\ARM_GCC_541\Debug\SinOutputWithReporting.a(USBCOMM_std.o)
                0x00001c30                USBCOMM_ValidateAlternateSetting
 .text.USBCOMM_HandleStandardRqst
                0x00001c7c      0x354 .\CortexM3\ARM_GCC_541\Debug\SinOutputWithReporting.a(USBCOMM_std.o)
                0x00001c7c                USBCOMM_HandleStandardRqst
 .text.USBCOMM_HandleVendorRqst
                0x00001fd0       0x18 .\CortexM3\ARM_GCC_541\Debug\SinOutputWithReporting.a(USBCOMM_vnd.o)
                0x00001fd0                USBCOMM_HandleVendorRqst
 .text.USBCOMM_Dp_ClearInterrupt
                0x00001fe8       0x10 .\CortexM3\ARM_GCC_541\Debug\SinOutputWithReporting.a(USBCOMM_Dp.o)
                0x00001fe8                USBCOMM_Dp_ClearInterrupt
 .text          0x00001ff8       0x20 .\CortexM3\ARM_GCC_541\Debug\SinOutputWithReporting.a(CyBootAsmGnu.o)
                0x00001ff8                CyDelayCycles
                0x00002008                CyEnterCriticalSection
                0x00002010                CyExitCriticalSection
 .text.USBCOMM_DispatchClassRqst
                0x00002018       0x38 .\CortexM3\ARM_GCC_541\Debug\SinOutputWithReporting.a(USBCOMM_cls.o)
                0x00002018                USBCOMM_DispatchClassRqst
 .text.atoi     0x00002050        0x8 c:/program files (x86)/cypress/psoc creator/4.2/psoc creator/import/gnu/arm/5.4.1/bin/../lib/gcc/arm-none-eabi/5.4.1/../../../../arm-none-eabi/lib/armv7-m\libg_nano.a(lib_a-atoi.o)
                0x00002050                atoi
 .text.__errno  0x00002058        0xc c:/program files (x86)/cypress/psoc creator/4.2/psoc creator/import/gnu/arm/5.4.1/bin/../lib/gcc/arm-none-eabi/5.4.1/../../../../arm-none-eabi/lib/armv7-m\libg_nano.a(lib_a-errno.o)
                0x00002058                __errno
 .text.__libc_init_array
                0x00002064       0x4c c:/program files (x86)/cypress/psoc creator/4.2/psoc creator/import/gnu/arm/5.4.1/bin/../lib/gcc/arm-none-eabi/5.4.1/../../../../arm-none-eabi/lib/armv7-m\libg_nano.a(lib_a-init.o)
                0x00002064                __libc_init_array
 .text.memcpy   0x000020b0       0x16 c:/program files (x86)/cypress/psoc creator/4.2/psoc creator/import/gnu/arm/5.4.1/bin/../lib/gcc/arm-none-eabi/5.4.1/../../../../arm-none-eabi/lib/armv7-m\libg_nano.a(lib_a-memcpy-stub.o)
                0x000020b0                memcpy
 .text.memset   0x000020c6       0x10 c:/program files (x86)/cypress/psoc creator/4.2/psoc creator/import/gnu/arm/5.4.1/bin/../lib/gcc/arm-none-eabi/5.4.1/../../../../arm-none-eabi/lib/armv7-m\libg_nano.a(lib_a-memset.o)
                0x000020c6                memset
 .text.__cvt    0x000020d6       0xc0 c:/program files (x86)/cypress/psoc creator/4.2/psoc creator/import/gnu/arm/5.4.1/bin/../lib/gcc/arm-none-eabi/5.4.1/../../../../arm-none-eabi/lib/armv7-m\libg_nano.a(lib_a-nano-vfprintf_float.o)
                0x000020d6                __cvt
 .text.__exponent
                0x00002196       0x62 c:/program files (x86)/cypress/psoc creator/4.2/psoc creator/import/gnu/arm/5.4.1/bin/../lib/gcc/arm-none-eabi/5.4.1/../../../../arm-none-eabi/lib/armv7-m\libg_nano.a(lib_a-nano-vfprintf_float.o)
                0x00002196                __exponent
 .text._printf_float
                0x000021f8      0x488 c:/program files (x86)/cypress/psoc creator/4.2/psoc creator/import/gnu/arm/5.4.1/bin/../lib/gcc/arm-none-eabi/5.4.1/../../../../arm-none-eabi/lib/armv7-m\libg_nano.a(lib_a-nano-vfprintf_float.o)
                0x000021f8                _printf_float
 .text._printf_common
                0x00002680       0xec c:/program files (x86)/cypress/psoc creator/4.2/psoc creator/import/gnu/arm/5.4.1/bin/../lib/gcc/arm-none-eabi/5.4.1/../../../../arm-none-eabi/lib/armv7-m\libg_nano.a(lib_a-nano-vfprintf_i.o)
                0x00002680                _printf_common
 .text._printf_i
                0x0000276c      0x24c c:/program files (x86)/cypress/psoc creator/4.2/psoc creator/import/gnu/arm/5.4.1/bin/../lib/gcc/arm-none-eabi/5.4.1/../../../../arm-none-eabi/lib/armv7-m\libg_nano.a(lib_a-nano-vfprintf_i.o)
                0x0000276c                _printf_i
 .text.sprintf  0x000029b8       0x48 c:/program files (x86)/cypress/psoc creator/4.2/psoc creator/import/gnu/arm/5.4.1/bin/../lib/gcc/arm-none-eabi/5.4.1/../../../../arm-none-eabi/lib/armv7-m\libg_nano.a(lib_a-sprintf.o)
                0x000029b8                siprintf
                0x000029b8                sprintf
 .text          0x00002a00       0x10 c:/program files (x86)/cypress/psoc creator/4.2/psoc creator/import/gnu/arm/5.4.1/bin/../lib/gcc/arm-none-eabi/5.4.1/../../../../arm-none-eabi/lib/armv7-m\libg_nano.a(lib_a-strlen.o)
                0x00002a00                strlen
 .text.strncmp  0x00002a10       0x2a c:/program files (x86)/cypress/psoc creator/4.2/psoc creator/import/gnu/arm/5.4.1/bin/../lib/gcc/arm-none-eabi/5.4.1/../../../../arm-none-eabi/lib/armv7-m\libg_nano.a(lib_a-strncmp.o)
                0x00002a10                strncmp
 *fill*         0x00002a3a        0x2 
 .text._strtol_r
                0x00002a3c      0x10c c:/program files (x86)/cypress/psoc creator/4.2/psoc creator/import/gnu/arm/5.4.1/bin/../lib/gcc/arm-none-eabi/5.4.1/../../../../arm-none-eabi/lib/armv7-m\libg_nano.a(lib_a-strtol.o)
                0x00002a3c                _strtol_r
 .text.strtol   0x00002b48       0x14 c:/program files (x86)/cypress/psoc creator/4.2/psoc creator/import/gnu/arm/5.4.1/bin/../lib/gcc/arm-none-eabi/5.4.1/../../../../arm-none-eabi/lib/armv7-m\libg_nano.a(lib_a-strtol.o)
                0x00002b48                strtol
 .text.quorem   0x00002b5c      0x116 c:/program files (x86)/cypress/psoc creator/4.2/psoc creator/import/gnu/arm/5.4.1/bin/../lib/gcc/arm-none-eabi/5.4.1/../../../../arm-none-eabi/lib/armv7-m\libg_nano.a(lib_a-dtoa.o)
 *fill*         0x00002c72        0x6 
 .text._dtoa_r  0x00002c78      0xb30 c:/program files (x86)/cypress/psoc creator/4.2/psoc creator/import/gnu/arm/5.4.1/bin/../lib/gcc/arm-none-eabi/5.4.1/../../../../arm-none-eabi/lib/armv7-m\libg_nano.a(lib_a-dtoa.o)
                0x00002c78                _dtoa_r
 .text._localeconv_r
                0x000037a8        0x8 c:/program files (x86)/cypress/psoc creator/4.2/psoc creator/import/gnu/arm/5.4.1/bin/../lib/gcc/arm-none-eabi/5.4.1/../../../../arm-none-eabi/lib/armv7-m\libg_nano.a(lib_a-locale.o)
                0x000037a8                _localeconv_r
 .text.malloc   0x000037b0       0x10 c:/program files (x86)/cypress/psoc creator/4.2/psoc creator/import/gnu/arm/5.4.1/bin/../lib/gcc/arm-none-eabi/5.4.1/../../../../arm-none-eabi/lib/armv7-m\libg_nano.a(lib_a-malloc.o)
                0x000037b0                malloc
 .text.memchr   0x000037c0       0x1c c:/program files (x86)/cypress/psoc creator/4.2/psoc creator/import/gnu/arm/5.4.1/bin/../lib/gcc/arm-none-eabi/5.4.1/../../../../arm-none-eabi/lib/armv7-m\libg_nano.a(lib_a-memchr-stub.o)
                0x000037c0                memchr
 .text._Balloc  0x000037dc       0x6a c:/program files (x86)/cypress/psoc creator/4.2/psoc creator/import/gnu/arm/5.4.1/bin/../lib/gcc/arm-none-eabi/5.4.1/../../../../arm-none-eabi/lib/armv7-m\libg_nano.a(lib_a-mprec.o)
                0x000037dc                _Balloc
 .text._Bfree   0x00003846       0x2e c:/program files (x86)/cypress/psoc creator/4.2/psoc creator/import/gnu/arm/5.4.1/bin/../lib/gcc/arm-none-eabi/5.4.1/../../../../arm-none-eabi/lib/armv7-m\libg_nano.a(lib_a-mprec.o)
                0x00003846                _Bfree
 .text.__multadd
                0x00003874       0x76 c:/program files (x86)/cypress/psoc creator/4.2/psoc creator/import/gnu/arm/5.4.1/bin/../lib/gcc/arm-none-eabi/5.4.1/../../../../arm-none-eabi/lib/armv7-m\libg_nano.a(lib_a-mprec.o)
                0x00003874                __multadd
 .text.__hi0bits
                0x000038ea       0x40 c:/program files (x86)/cypress/psoc creator/4.2/psoc creator/import/gnu/arm/5.4.1/bin/../lib/gcc/arm-none-eabi/5.4.1/../../../../arm-none-eabi/lib/armv7-m\libg_nano.a(lib_a-mprec.o)
                0x000038ea                __hi0bits
 .text.__lo0bits
                0x0000392a       0x5a c:/program files (x86)/cypress/psoc creator/4.2/psoc creator/import/gnu/arm/5.4.1/bin/../lib/gcc/arm-none-eabi/5.4.1/../../../../arm-none-eabi/lib/armv7-m\libg_nano.a(lib_a-mprec.o)
                0x0000392a                __lo0bits
 .text.__i2b    0x00003984       0x12 c:/program files (x86)/cypress/psoc creator/4.2/psoc creator/import/gnu/arm/5.4.1/bin/../lib/gcc/arm-none-eabi/5.4.1/../../../../arm-none-eabi/lib/armv7-m\libg_nano.a(lib_a-mprec.o)
                0x00003984                __i2b
 .text.__multiply
                0x00003996      0x120 c:/program files (x86)/cypress/psoc creator/4.2/psoc creator/import/gnu/arm/5.4.1/bin/../lib/gcc/arm-none-eabi/5.4.1/../../../../arm-none-eabi/lib/armv7-m\libg_nano.a(lib_a-mprec.o)
                0x00003996                __multiply
 *fill*         0x00003ab6        0x2 
 .text.__pow5mult
                0x00003ab8       0x9c c:/program files (x86)/cypress/psoc creator/4.2/psoc creator/import/gnu/arm/5.4.1/bin/../lib/gcc/arm-none-eabi/5.4.1/../../../../arm-none-eabi/lib/armv7-m\libg_nano.a(lib_a-mprec.o)
                0x00003ab8                __pow5mult
 .text.__lshift
                0x00003b54       0xa2 c:/program files (x86)/cypress/psoc creator/4.2/psoc creator/import/gnu/arm/5.4.1/bin/../lib/gcc/arm-none-eabi/5.4.1/../../../../arm-none-eabi/lib/armv7-m\libg_nano.a(lib_a-mprec.o)
                0x00003b54                __lshift
 .text.__mcmp   0x00003bf6       0x38 c:/program files (x86)/cypress/psoc creator/4.2/psoc creator/import/gnu/arm/5.4.1/bin/../lib/gcc/arm-none-eabi/5.4.1/../../../../arm-none-eabi/lib/armv7-m\libg_nano.a(lib_a-mprec.o)
                0x00003bf6                __mcmp
 .text.__mdiff  0x00003c2e       0xbe c:/program files (x86)/cypress/psoc creator/4.2/psoc creator/import/gnu/arm/5.4.1/bin/../lib/gcc/arm-none-eabi/5.4.1/../../../../arm-none-eabi/lib/armv7-m\libg_nano.a(lib_a-mprec.o)
                0x00003c2e                __mdiff
 .text.__d2b    0x00003cec       0x9c c:/program files (x86)/cypress/psoc creator/4.2/psoc creator/import/gnu/arm/5.4.1/bin/../lib/gcc/arm-none-eabi/5.4.1/../../../../arm-none-eabi/lib/armv7-m\libg_nano.a(lib_a-mprec.o)
                0x00003cec                __d2b
 .text._calloc_r
                0x00003d88       0x1c c:/program files (x86)/cypress/psoc creator/4.2/psoc creator/import/gnu/arm/5.4.1/bin/../lib/gcc/arm-none-eabi/5.4.1/../../../../arm-none-eabi/lib/armv7-m\libg_nano.a(lib_a-nano-callocr.o)
                0x00003d88                _calloc_r
 .text._free_r  0x00003da4       0x98 c:/program files (x86)/cypress/psoc creator/4.2/psoc creator/import/gnu/arm/5.4.1/bin/../lib/gcc/arm-none-eabi/5.4.1/../../../../arm-none-eabi/lib/armv7-m\libg_nano.a(lib_a-nano-freer.o)
                0x00003da4                _free_r
 .text._malloc_r
                0x00003e3c       0xbc c:/program files (x86)/cypress/psoc creator/4.2/psoc creator/import/gnu/arm/5.4.1/bin/../lib/gcc/arm-none-eabi/5.4.1/../../../../arm-none-eabi/lib/armv7-m\libg_nano.a(lib_a-nano-mallocr.o)
                0x00003e3c                _malloc_r
 .text.__ssputs_r
                0x00003ef8       0xb2 c:/program files (x86)/cypress/psoc creator/4.2/psoc creator/import/gnu/arm/5.4.1/bin/../lib/gcc/arm-none-eabi/5.4.1/../../../../arm-none-eabi/lib/armv7-m\libg_nano.a(lib_a-nano-svfprintf.o)
                0x00003ef8                __ssputs_r
 *fill*         0x00003faa        0x2 
 .text._svfprintf_r
                0x00003fac      0x1e8 c:/program files (x86)/cypress/psoc creator/4.2/psoc creator/import/gnu/arm/5.4.1/bin/../lib/gcc/arm-none-eabi/5.4.1/../../../../arm-none-eabi/lib/armv7-m\libg_nano.a(lib_a-nano-svfprintf.o)
                0x00003fac                _svfiprintf_r
                0x00003fac                _svfprintf_r
 .text._sbrk_r  0x00004194       0x20 c:/program files (x86)/cypress/psoc creator/4.2/psoc creator/import/gnu/arm/5.4.1/bin/../lib/gcc/arm-none-eabi/5.4.1/../../../../arm-none-eabi/lib/armv7-m\libg_nano.a(lib_a-sbrkr.o)
                0x00004194                _sbrk_r
 .text.memmove  0x000041b4       0x36 c:/program files (x86)/cypress/psoc creator/4.2/psoc creator/import/gnu/arm/5.4.1/bin/../lib/gcc/arm-none-eabi/5.4.1/../../../../arm-none-eabi/lib/armv7-m\libg_nano.a(lib_a-memmove.o)
                0x000041b4                memmove
 .text.__malloc_lock
                0x000041ea        0x2 c:/program files (x86)/cypress/psoc creator/4.2/psoc creator/import/gnu/arm/5.4.1/bin/../lib/gcc/arm-none-eabi/5.4.1/../../../../arm-none-eabi/lib/armv7-m\libg_nano.a(lib_a-mlock.o)
                0x000041ea                __malloc_lock
 .text.__malloc_unlock
                0x000041ec        0x2 c:/program files (x86)/cypress/psoc creator/4.2/psoc creator/import/gnu/arm/5.4.1/bin/../lib/gcc/arm-none-eabi/5.4.1/../../../../arm-none-eabi/lib/armv7-m\libg_nano.a(lib_a-mlock.o)
                0x000041ec                __malloc_unlock
 .text._realloc_r
                0x000041ee       0x4c c:/program files (x86)/cypress/psoc creator/4.2/psoc creator/import/gnu/arm/5.4.1/bin/../lib/gcc/arm-none-eabi/5.4.1/../../../../arm-none-eabi/lib/armv7-m\libg_nano.a(lib_a-nano-reallocr.o)
                0x000041ee                _realloc_r
 .text._malloc_usable_size_r
                0x0000423a       0x14 c:/program files (x86)/cypress/psoc creator/4.2/psoc creator/import/gnu/arm/5.4.1/bin/../lib/gcc/arm-none-eabi/5.4.1/../../../../arm-none-eabi/lib/armv7-m\libg_nano.a(lib_a-nano-msizer.o)
                0x0000423a                _malloc_usable_size_r
 *fill*         0x0000424e        0x2 
 .text          0x00004250      0x370 c:/program files (x86)/cypress/psoc creator/4.2/psoc creator/import/gnu/arm/5.4.1/bin/../lib/gcc/arm-none-eabi/5.4.1/armv7-m\libgcc.a(_arm_addsubdf3.o)
                0x00004250                __aeabi_drsub
                0x00004258                __aeabi_dsub
                0x00004258                __subdf3
                0x0000425c                __aeabi_dadd
                0x0000425c                __adddf3
                0x000044d4                __floatunsidf
                0x000044d4                __aeabi_ui2d
                0x000044f4                __floatsidf
                0x000044f4                __aeabi_i2d
                0x00004518                __aeabi_f2d
                0x00004518                __extendsfdf2
                0x00004554                __floatundidf
                0x00004554                __aeabi_ul2d
                0x00004564                __floatdidf
                0x00004564                __aeabi_l2d
 .text          0x000045c0      0x424 c:/program files (x86)/cypress/psoc creator/4.2/psoc creator/import/gnu/arm/5.4.1/bin/../lib/gcc/arm-none-eabi/5.4.1/armv7-m\libgcc.a(_arm_muldivdf3.o)
                0x000045c0                __aeabi_dmul
                0x000045c0                __muldf3
                0x00004814                __divdf3
                0x00004814                __aeabi_ddiv
 .text          0x000049e4      0x110 c:/program files (x86)/cypress/psoc creator/4.2/psoc creator/import/gnu/arm/5.4.1/bin/../lib/gcc/arm-none-eabi/5.4.1/armv7-m\libgcc.a(_arm_cmpdf2.o)
                0x000049e4                __gtdf2
                0x000049e4                __gedf2
                0x000049ec                __ltdf2
                0x000049ec                __ledf2
                0x000049f4                __nedf2
                0x000049f4                __eqdf2
                0x000049f4                __cmpdf2
                0x00004a70                __aeabi_cdrcmple
                0x00004a80                __aeabi_cdcmpeq
                0x00004a80                __aeabi_cdcmple
                0x00004a90                __aeabi_dcmpeq
                0x00004aa4                __aeabi_dcmplt
                0x00004ab8                __aeabi_dcmple
                0x00004acc                __aeabi_dcmpge
                0x00004ae0                __aeabi_dcmpgt
 .text          0x00004af4       0x2c c:/program files (x86)/cypress/psoc creator/4.2/psoc creator/import/gnu/arm/5.4.1/bin/../lib/gcc/arm-none-eabi/5.4.1/armv7-m\libgcc.a(_arm_unorddf2.o)
                0x00004af4                __unorddf2
                0x00004af4                __aeabi_dcmpun
 .text          0x00004b20       0x50 c:/program files (x86)/cypress/psoc creator/4.2/psoc creator/import/gnu/arm/5.4.1/bin/../lib/gcc/arm-none-eabi/5.4.1/armv7-m\libgcc.a(_arm_fixdfsi.o)
                0x00004b20                __aeabi_d2iz
                0x00004b20                __fixdfsi
 *(.plt)
 *(.gnu.warning)
 *(.glue_7t)
 .glue_7t       0x00004b70        0x0 linker stubs
 *(.glue_7)
 .glue_7        0x00004b70        0x0 linker stubs
 *(.vfp11_veneer)
 .vfp11_veneer  0x00004b70        0x0 linker stubs
 *(.bootloader)
 *(.ARM.extab* .gnu.linkonce.armextab.*)
 *(.gcc_except_table)

.v4_bx          0x00004b70        0x0
 .v4_bx         0x00004b70        0x0 linker stubs

.iplt           0x00004b70        0x0
 .iplt          0x00004b70        0x0 c:/program files (x86)/cypress/psoc creator/4.2/psoc creator/import/gnu/arm/5.4.1/bin/../lib/gcc/arm-none-eabi/5.4.1/armv7-m/crtbegin.o

.eh_frame_hdr
 *(.eh_frame_hdr)

.eh_frame       0x00004b70        0x4
 *(.eh_frame)
 .eh_frame      0x00004b70        0x0 c:/program files (x86)/cypress/psoc creator/4.2/psoc creator/import/gnu/arm/5.4.1/bin/../lib/gcc/arm-none-eabi/5.4.1/armv7-m/crtbegin.o
 .eh_frame      0x00004b70        0x4 c:/program files (x86)/cypress/psoc creator/4.2/psoc creator/import/gnu/arm/5.4.1/bin/../lib/gcc/arm-none-eabi/5.4.1/armv7-m/crtend.o
                [!provide]                PROVIDE (__exidx_start, .)

.ARM.exidx
 *(.ARM.exidx* .gnu.linkonce.armexidx.*)
                0x00004b74                __exidx_end = .

.rodata         0x00004b78      0xc20
 *(.rodata .rodata.* .gnu.linkonce.r.*)
 .rodata.str1.4
                0x00004b78       0x1b .\CortexM3\ARM_GCC_541\Debug\main.o
 *fill*         0x00004b93        0x1 
 .rodata        0x00004b94       0x2a .\CortexM3\ARM_GCC_541\Debug\cyfitter_cfg.o
 *fill*         0x00004bbe        0x2 
 .rodata        0x00004bc0      0x7d0 .\CortexM3\ARM_GCC_541\Debug\SinOutputWithReporting.a(WaveGen.o)
                0x00004bc0                WaveGen_wave1
                0x00004fa8                WaveGen_wave2
 .rodata.str1.4
                0x00005390       0x14 .\CortexM3\ARM_GCC_541\Debug\SinOutputWithReporting.a(USBCOMM_std.o)
                                 0x11 (size before relaxing)
 .rodata        0x000053a4      0x15e .\CortexM3\ARM_GCC_541\Debug\SinOutputWithReporting.a(USBCOMM_descr.o)
                0x000053a4                USBCOMM_TABLE
                0x000053ac                USBCOMM_DEVICE0_TABLE
                0x000053c4                USBCOMM_DEVICE0_CONFIGURATION0_TABLE
                0x000053e4                USBCOMM_DEVICE0_CONFIGURATION0_INTERFACE_CLASS
                0x000053e8                USBCOMM_DEVICE0_CONFIGURATION0_EP_SETTINGS_TABLE
                0x000053f8                USBCOMM_SN_STRING_DESCRIPTOR
                0x000053fc                USBCOMM_STRING_DESCRIPTORS
                0x000054d0                USBCOMM_DEVICE0_CONFIGURATION0_DESCR
                0x000054f0                USBCOMM_DEVICE0_DESCR
 .rodata.str1.1
                0x00005502        0x2 c:/program files (x86)/cypress/psoc creator/4.2/psoc creator/import/gnu/arm/5.4.1/bin/../lib/gcc/arm-none-eabi/5.4.1/../../../../arm-none-eabi/lib/armv7-m\libg_nano.a(lib_a-impure.o)
 .rodata.str1.1
                0x00005504       0x12 c:/program files (x86)/cypress/psoc creator/4.2/psoc creator/import/gnu/arm/5.4.1/bin/../lib/gcc/arm-none-eabi/5.4.1/../../../../arm-none-eabi/lib/armv7-m\libg_nano.a(lib_a-nano-vfprintf_float.o)
 .rodata.str1.1
                0x00005516       0x22 c:/program files (x86)/cypress/psoc creator/4.2/psoc creator/import/gnu/arm/5.4.1/bin/../lib/gcc/arm-none-eabi/5.4.1/../../../../arm-none-eabi/lib/armv7-m\libg_nano.a(lib_a-nano-vfprintf_i.o)
 .rodata._ctype_
                0x00005538      0x101 c:/program files (x86)/cypress/psoc creator/4.2/psoc creator/import/gnu/arm/5.4.1/bin/../lib/gcc/arm-none-eabi/5.4.1/../../../../arm-none-eabi/lib/armv7-m\libg_nano.a(lib_a-ctype_.o)
                0x00005538                _ctype_
 .rodata.str1.1
                0x00005639        0xd c:/program files (x86)/cypress/psoc creator/4.2/psoc creator/import/gnu/arm/5.4.1/bin/../lib/gcc/arm-none-eabi/5.4.1/../../../../arm-none-eabi/lib/armv7-m\libg_nano.a(lib_a-dtoa.o)
                                  0xf (size before relaxing)
 .rodata.str1.1
                0x00005646        0x8 c:/program files (x86)/cypress/psoc creator/4.2/psoc creator/import/gnu/arm/5.4.1/bin/../lib/gcc/arm-none-eabi/5.4.1/../../../../arm-none-eabi/lib/armv7-m\libg_nano.a(lib_a-locale.o)
                                  0xb (size before relaxing)
 *fill*         0x0000564e        0x2 
 .rodata.__mprec_tens
                0x00005650       0xc8 c:/program files (x86)/cypress/psoc creator/4.2/psoc creator/import/gnu/arm/5.4.1/bin/../lib/gcc/arm-none-eabi/5.4.1/../../../../arm-none-eabi/lib/armv7-m\libg_nano.a(lib_a-mprec.o)
                0x00005650                __mprec_tens
 .rodata.p05.5408
                0x00005718        0xc c:/program files (x86)/cypress/psoc creator/4.2/psoc creator/import/gnu/arm/5.4.1/bin/../lib/gcc/arm-none-eabi/5.4.1/../../../../arm-none-eabi/lib/armv7-m\libg_nano.a(lib_a-mprec.o)
 *fill*         0x00005724        0x4 
 .rodata.__mprec_bigtens
                0x00005728       0x28 c:/program files (x86)/cypress/psoc creator/4.2/psoc creator/import/gnu/arm/5.4.1/bin/../lib/gcc/arm-none-eabi/5.4.1/../../../../arm-none-eabi/lib/armv7-m\libg_nano.a(lib_a-mprec.o)
                0x00005728                __mprec_bigtens
 .rodata.str1.1
                0x00005750       0x11 c:/program files (x86)/cypress/psoc creator/4.2/psoc creator/import/gnu/arm/5.4.1/bin/../lib/gcc/arm-none-eabi/5.4.1/../../../../arm-none-eabi/lib/armv7-m\libg_nano.a(lib_a-nano-svfprintf.o)
                0x00005764                . = ALIGN (0x4)
 *fill*         0x00005761        0x3 
 *(.init)
 .init          0x00005764        0x4 c:/program files (x86)/cypress/psoc creator/4.2/psoc creator/import/gnu/arm/5.4.1/bin/../lib/gcc/arm-none-eabi/5.4.1/armv7-m/crti.o
                0x00005764                _init
 .init          0x00005768        0x8 c:/program files (x86)/cypress/psoc creator/4.2/psoc creator/import/gnu/arm/5.4.1/bin/../lib/gcc/arm-none-eabi/5.4.1/armv7-m/crtn.o
                0x00005770                . = ALIGN (0x4)
                0x00005770                __preinit_array_start = .
 *(.preinit_array)
                0x00005770                __preinit_array_end = .
                0x00005770                . = ALIGN (0x4)
                0x00005770                __init_array_start = .
 *(SORT(.init_array.*))
 *(.init_array)
 .init_array    0x00005770        0x4 c:/program files (x86)/cypress/psoc creator/4.2/psoc creator/import/gnu/arm/5.4.1/bin/../lib/gcc/arm-none-eabi/5.4.1/armv7-m/crtbegin.o
 .init_array    0x00005774        0x4 .\CortexM3\ARM_GCC_541\Debug\Cm3Start.o
                0x00005778                __init_array_end = .
                0x00005778                . = ALIGN (0x4)
 *(.fini)
 .fini          0x00005778        0x4 c:/program files (x86)/cypress/psoc creator/4.2/psoc creator/import/gnu/arm/5.4.1/bin/../lib/gcc/arm-none-eabi/5.4.1/armv7-m/crti.o
                0x00005778                _fini
 .fini          0x0000577c        0x8 c:/program files (x86)/cypress/psoc creator/4.2/psoc creator/import/gnu/arm/5.4.1/bin/../lib/gcc/arm-none-eabi/5.4.1/armv7-m/crtn.o
                0x00005784                . = ALIGN (0x4)
                0x00005784                __fini_array_start = .
 *(.fini_array)
 .fini_array    0x00005784        0x4 c:/program files (x86)/cypress/psoc creator/4.2/psoc creator/import/gnu/arm/5.4.1/bin/../lib/gcc/arm-none-eabi/5.4.1/armv7-m/crtbegin.o
 *(SORT(.fini_array.*))
                0x00005788                __fini_array_end = .
                0x00005788                . = ALIGN (0x4)
 *crtbegin.o(.ctors)
 *(EXCLUDE_FILE(*crtend.o) .ctors)
 *(SORT(.ctors.*))
 *crtend.o(.ctors)
                0x00005788                . = ALIGN (0x4)
 *crtbegin.o(.dtors)
 *(EXCLUDE_FILE(*crtend.o) .dtors)
 *(SORT(.dtors.*))
 *crtend.o(.dtors)
                0x00005788                . = ALIGN (0x4)
                0x00005788                __cy_regions = .
                0x00005788        0x4 LONG 0x5798 __cy_region_init_ram
                0x0000578c        0x4 LONG 0x1fff80c8 __cy_region_start_data
                0x00005790        0x4 LONG 0xc8 __cy_region_init_size_ram
                0x00005794        0x4 LONG 0xf8 __cy_region_zero_size_ram
                0x00005798                __cy_regions_end = .
                0x00005798                . = ALIGN (0x8)
                0x00005798                _etext = .

.cy_checksum_exclude
                0x00005798        0x0
 *(.cy_checksum_exclude)

.ramvectors     0x1fff8000       0xc0
                0x1fff8000                __cy_region_start_ram = .
 *(.ramvectors)
 .ramvectors    0x1fff8000       0xc0 .\CortexM3\ARM_GCC_541\Debug\Cm3Start.o
                0x1fff8000                CyRamVectors

.noinit         0x1fff80c0        0x1
 *(.noinit)
 .noinit        0x1fff80c0        0x1 .\CortexM3\ARM_GCC_541\Debug\SinOutputWithReporting.a(CyLib.o)
                0x1fff80c0                CyResetStatus

.data           0x1fff80c8       0xc8 load address 0x00005798
                0x1fff80c8                __cy_region_start_data = .
 *(.jcr)
 .jcr           0x1fff80c8        0x0 c:/program files (x86)/cypress/psoc creator/4.2/psoc creator/import/gnu/arm/5.4.1/bin/../lib/gcc/arm-none-eabi/5.4.1/armv7-m/crtbegin.o
 .jcr           0x1fff80c8        0x4 c:/program files (x86)/cypress/psoc creator/4.2/psoc creator/import/gnu/arm/5.4.1/bin/../lib/gcc/arm-none-eabi/5.4.1/armv7-m/crtend.o
 *(.got.plt)
 *(.got)
 *(.shdata)
 *(.data .data.* .gnu.linkonce.d.*)
 .data          0x1fff80cc        0x4 .\CortexM3\ARM_GCC_541\Debug\Cm3Start.o
 .data          0x1fff80d0        0x8 .\CortexM3\ARM_GCC_541\Debug\SinOutputWithReporting.a(CyDmac.o)
 .data          0x1fff80d8       0x10 .\CortexM3\ARM_GCC_541\Debug\SinOutputWithReporting.a(CyLib.o)
                0x1fff80d8                cydelay_32k_ms
                0x1fff80dc                cydelay_freq_khz
                0x1fff80e0                cydelay_freq_mhz
                0x1fff80e4                cydelay_freq_hz
 .data          0x1fff80e8        0x1 .\CortexM3\ARM_GCC_541\Debug\SinOutputWithReporting.a(WaveGen_Wave1_DMA_dma.o)
                0x1fff80e8                WaveGen_Wave1_DMA_DmaHandle
 .data          0x1fff80e9        0x1 .\CortexM3\ARM_GCC_541\Debug\SinOutputWithReporting.a(WaveGen_Wave2_DMA_dma.o)
                0x1fff80e9                WaveGen_Wave2_DMA_DmaHandle
 *fill*         0x1fff80ea        0x2 
 .data.impure_data
                0x1fff80ec       0x60 c:/program files (x86)/cypress/psoc creator/4.2/psoc creator/import/gnu/arm/5.4.1/bin/../lib/gcc/arm-none-eabi/5.4.1/../../../../arm-none-eabi/lib/armv7-m\libg_nano.a(lib_a-impure.o)
 .data._impure_ptr
                0x1fff814c        0x4 c:/program files (x86)/cypress/psoc creator/4.2/psoc creator/import/gnu/arm/5.4.1/bin/../lib/gcc/arm-none-eabi/5.4.1/../../../../arm-none-eabi/lib/armv7-m\libg_nano.a(lib_a-impure.o)
                0x1fff814c                _impure_ptr
 .data.__ctype_ptr__
                0x1fff8150        0x4 c:/program files (x86)/cypress/psoc creator/4.2/psoc creator/import/gnu/arm/5.4.1/bin/../lib/gcc/arm-none-eabi/5.4.1/../../../../arm-none-eabi/lib/armv7-m\libg_nano.a(lib_a-ctype_.o)
                0x1fff8150                __ctype_ptr__
 .data.lconv    0x1fff8154       0x38 c:/program files (x86)/cypress/psoc creator/4.2/psoc creator/import/gnu/arm/5.4.1/bin/../lib/gcc/arm-none-eabi/5.4.1/../../../../arm-none-eabi/lib/armv7-m\libg_nano.a(lib_a-locale.o)
                0x1fff8190                . = ALIGN (0x8)
 *fill*         0x1fff818c        0x4 
 *(.ram)
                0x1fff8190                _edata = .

.igot.plt       0x1fff8190        0x0 load address 0x00005860
 .igot.plt      0x1fff8190        0x0 c:/program files (x86)/cypress/psoc creator/4.2/psoc creator/import/gnu/arm/5.4.1/bin/../lib/gcc/arm-none-eabi/5.4.1/armv7-m/crtbegin.o

.bss            0x1fff8190       0xf8 load address 0x00005860
                0x1fff8190                PROVIDE (__bss_start__, .)
 *(.shbss)
 *(.bss .bss.* .gnu.linkonce.b.*)
 .bss           0x1fff8190       0x1c c:/program files (x86)/cypress/psoc creator/4.2/psoc creator/import/gnu/arm/5.4.1/bin/../lib/gcc/arm-none-eabi/5.4.1/armv7-m/crtbegin.o
 .bss           0x1fff81ac        0x5 .\CortexM3\ARM_GCC_541\Debug\SinOutputWithReporting.a(WaveGen.o)
                0x1fff81b0                WaveGen_initVar
 .bss           0x1fff81b1        0x1 .\CortexM3\ARM_GCC_541\Debug\SinOutputWithReporting.a(WaveFormReader.o)
                0x1fff81b1                WaveFormReader_initVar
 .bss           0x1fff81b2        0x1 .\CortexM3\ARM_GCC_541\Debug\SinOutputWithReporting.a(USBCOMM.o)
                0x1fff81b2                USBCOMM_initVar
 *fill*         0x1fff81b3        0x1 
 .bss           0x1fff81b4        0x2 .\CortexM3\ARM_GCC_541\Debug\SinOutputWithReporting.a(USBCOMM_std.o)
 *fill*         0x1fff81b6        0x2 
 .bss.__malloc_sbrk_start
                0x1fff81b8        0x4 c:/program files (x86)/cypress/psoc creator/4.2/psoc creator/import/gnu/arm/5.4.1/bin/../lib/gcc/arm-none-eabi/5.4.1/../../../../arm-none-eabi/lib/armv7-m\libg_nano.a(lib_a-nano-mallocr.o)
                0x1fff81b8                __malloc_sbrk_start
 .bss.__malloc_free_list
                0x1fff81bc        0x4 c:/program files (x86)/cypress/psoc creator/4.2/psoc creator/import/gnu/arm/5.4.1/bin/../lib/gcc/arm-none-eabi/5.4.1/../../../../arm-none-eabi/lib/armv7-m\libg_nano.a(lib_a-nano-mallocr.o)
                0x1fff81bc                __malloc_free_list
 *(COMMON)
 COMMON         0x1fff81c0        0xc .\CortexM3\ARM_GCC_541\Debug\SinOutputWithReporting.a(WaveFormReader.o)
                0x1fff81c0                WaveFormReader_shift
                0x1fff81c4                WaveFormReader_countsPer10Volt
                0x1fff81c8                WaveFormReader_offset
                0x1fff81ca                WaveFormReader_countsPerVolt
 COMMON         0x1fff81cc       0x93 .\CortexM3\ARM_GCC_541\Debug\SinOutputWithReporting.a(USBCOMM_drv.o)
                0x1fff81cc                USBCOMM_currentTD
                0x1fff81d8                USBCOMM_transferState
                0x1fff81d9                USBCOMM_ep0Count
                0x1fff81da                USBCOMM_device
                0x1fff81dc                USBCOMM_interfaceClass
                0x1fff81e0                USBCOMM_ep0Toggle
                0x1fff81e1                USBCOMM_interfaceNumber
                0x1fff81e2                USBCOMM_transferByteCount
                0x1fff81e4                USBCOMM_EP
                0x1fff8250                USBCOMM_deviceStatus
                0x1fff8254                USBCOMM_interfaceSettingLast
                0x1fff8255                USBCOMM_ep0Mode
                0x1fff8256                USBCOMM_configurationChanged
                0x1fff8257                USBCOMM_lastPacketSize
                0x1fff8258                USBCOMM_interfaceSetting
                0x1fff825c                USBCOMM_interfaceStatus
                0x1fff825d                USBCOMM_deviceAddress
                0x1fff825e                USBCOMM_configuration
 *fill*         0x1fff825f        0x1 
 COMMON         0x1fff8260       0x22 .\CortexM3\ARM_GCC_541\Debug\SinOutputWithReporting.a(USBCOMM_descr.o)
                0x1fff8260                USBCOMM_idSerialNumberStringDescriptor
 *fill*         0x1fff8282        0x2 
 COMMON         0x1fff8284        0x4 c:/program files (x86)/cypress/psoc creator/4.2/psoc creator/import/gnu/arm/5.4.1/bin/../lib/gcc/arm-none-eabi/5.4.1/../../../../arm-none-eabi/lib/armv7-m\libg_nano.a(lib_a-reent.o)
                0x1fff8284                errno
                0x1fff8288                . = ALIGN (0x8)
 *(.ram.b)
                0x1fff8288                _end = .
                0x1fff8288                __end = .
                0x1fff8288                PROVIDE (end, .)
                0x1fff8288                PROVIDE (__bss_end__, .)
                0x00005798                __cy_region_init_ram = LOADADDR (.data)
                0x000000c8                __cy_region_init_size_ram = (_edata - ADDR (.data))
                0x000000f8                __cy_region_zero_size_ram = (_end - _edata)

.heap           0x1fff8288       0x80 load address 0x00005860
                0x1fff8288                . = _end
                0x1fff8308                . = (. + 0x80)
 *fill*         0x1fff8288       0x80 
                0x1fff8308                __cy_heap_limit = .

.stack          0x20007800      0x800
                0x20007800                __cy_stack_limit = .
                0x20008000                . = (. + 0x800)
 *fill*         0x20007800      0x800 
                0x00000001                ASSERT ((__cy_stack_limit >= __cy_heap_limit), region RAM overflowed with stack)
                0x00000000                cy_checksum_exclude_size = (CY_APPL_LOADABLE == 0x1)?SIZEOF (.cy_checksum_exclude):0x0
                0x00000001                ASSERT ((cy_checksum_exclude_size <= CY_CHECKSUM_EXCLUDE_SIZE), CY_BOOT: Section .cy_checksum_exclude size exceedes specified limit.)

.cyloadermeta
 *(.cyloadermeta)

.cyloadablemeta
 *(.cyloadablemeta)

.cyconfigecc    0x80000000      0x11c
 *(.cyconfigecc)
 .cyconfigecc   0x80000000      0x11c .\CortexM3\ARM_GCC_541\Debug\cymetadata.o
                0x80000000                cy_meta_configecc

.cycustnvl      0x90000000        0x4
 *(.cycustnvl)
 .cycustnvl     0x90000000        0x4 .\CortexM3\ARM_GCC_541\Debug\cymetadata.o
                0x90000000                cy_meta_custnvl

.cywolatch      0x90100000        0x4
 *(.cywolatch)
 .cywolatch     0x90100000        0x4 .\CortexM3\ARM_GCC_541\Debug\cymetadata.o
                0x90100000                cy_meta_wonvl

.cyeeprom       0x90200000        0x0
 *(.cyeeprom)
                0x00000001                ASSERT ((. <= ((0x90200000 + ee_offset) + ee_size)), .cyeeprom data will not fit in EEPROM)

.cyflashprotect
                0x90400000      0x100
 *(.cyflashprotect)
 .cyflashprotect
                0x90400000      0x100 .\CortexM3\ARM_GCC_541\Debug\cymetadata.o
                0x90400000                cy_meta_flashprotect

.cymeta         0x90500000        0xc
 *(.cymeta)
 .cymeta        0x90500000        0xc .\CortexM3\ARM_GCC_541\Debug\cymetadata.o
                0x90500000                cy_metadata

.rel.dyn        0x00005860        0x0 load address 0x9050000c
 .rel.iplt      0x00005860        0x0 c:/program files (x86)/cypress/psoc creator/4.2/psoc creator/import/gnu/arm/5.4.1/bin/../lib/gcc/arm-none-eabi/5.4.1/armv7-m/crtbegin.o

.stab
 *(.stab)

.stabstr
 *(.stabstr)

.debug
 *(.debug)

.line
 *(.line)

.debug_srcinfo
 *(.debug_srcinfo)

.debug_sfnames
 *(.debug_sfnames)

.debug_aranges  0x00000000      0xbe0
 *(.debug_aranges)
 .debug_aranges
                0x00000000       0x48 .\CortexM3\ARM_GCC_541\Debug\main.o
 .debug_aranges
                0x00000048       0x58 .\CortexM3\ARM_GCC_541\Debug\cyfitter_cfg.o
 .debug_aranges
                0x000000a0       0x18 .\CortexM3\ARM_GCC_541\Debug\cymetadata.o
 .debug_aranges
                0x000000b8       0x48 .\CortexM3\ARM_GCC_541\Debug\Cm3Start.o
 .debug_aranges
                0x00000100       0xd8 .\CortexM3\ARM_GCC_541\Debug\SinOutputWithReporting.a(CyDmac.o)
 .debug_aranges
                0x000001d8      0x2a0 .\CortexM3\ARM_GCC_541\Debug\SinOutputWithReporting.a(CyLib.o)
 .debug_aranges
                0x00000478       0x98 .\CortexM3\ARM_GCC_541\Debug\SinOutputWithReporting.a(cyPm.o)
 .debug_aranges
                0x00000510       0x70 .\CortexM3\ARM_GCC_541\Debug\SinOutputWithReporting.a(AnalogClock.o)
 .debug_aranges
                0x00000580       0x50 .\CortexM3\ARM_GCC_541\Debug\SinOutputWithReporting.a(WaveGen.o)
 .debug_aranges
                0x000005d0       0x28 .\CortexM3\ARM_GCC_541\Debug\SinOutputWithReporting.a(WaveGen_Wave1_DMA_dma.o)
 .debug_aranges
                0x000005f8       0x28 .\CortexM3\ARM_GCC_541\Debug\SinOutputWithReporting.a(WaveGen_Wave2_DMA_dma.o)
 .debug_aranges
                0x00000620       0x58 .\CortexM3\ARM_GCC_541\Debug\SinOutputWithReporting.a(WaveGen_VDAC8.o)
 .debug_aranges
                0x00000678       0xa8 .\CortexM3\ARM_GCC_541\Debug\SinOutputWithReporting.a(WaveFormReader.o)
 .debug_aranges
                0x00000720       0x20 .\CortexM3\ARM_GCC_541\Debug\SinOutputWithReporting.a(WaveFormReader_INT.o)
 .debug_aranges
                0x00000740       0x80 .\CortexM3\ARM_GCC_541\Debug\SinOutputWithReporting.a(WaveFormReader_theACLK.o)
 .debug_aranges
                0x000007c0       0xc8 .\CortexM3\ARM_GCC_541\Debug\SinOutputWithReporting.a(USBCOMM.o)
 .debug_aranges
                0x00000888       0x98 .\CortexM3\ARM_GCC_541\Debug\SinOutputWithReporting.a(USBCOMM_drv.o)
 .debug_aranges
                0x00000920       0x38 .\CortexM3\ARM_GCC_541\Debug\SinOutputWithReporting.a(USBCOMM_episr.o)
 .debug_aranges
                0x00000958       0x40 .\CortexM3\ARM_GCC_541\Debug\SinOutputWithReporting.a(USBCOMM_pm.o)
 .debug_aranges
                0x00000998       0x80 .\CortexM3\ARM_GCC_541\Debug\SinOutputWithReporting.a(USBCOMM_std.o)
 .debug_aranges
                0x00000a18       0x20 .\CortexM3\ARM_GCC_541\Debug\SinOutputWithReporting.a(USBCOMM_vnd.o)
 .debug_aranges
                0x00000a38       0x48 .\CortexM3\ARM_GCC_541\Debug\SinOutputWithReporting.a(USBCOMM_Dp.o)
 .debug_aranges
                0x00000a80       0x20 .\CortexM3\ARM_GCC_541\Debug\SinOutputWithReporting.a(CyBootAsmGnu.o)
 .debug_aranges
                0x00000aa0       0x88 .\CortexM3\ARM_GCC_541\Debug\SinOutputWithReporting.a(CyFlash.o)
 .debug_aranges
                0x00000b28       0x80 .\CortexM3\ARM_GCC_541\Debug\SinOutputWithReporting.a(CySpc.o)
 .debug_aranges
                0x00000ba8       0x20 .\CortexM3\ARM_GCC_541\Debug\SinOutputWithReporting.a(USBCOMM_cls.o)
 .debug_aranges
                0x00000bc8       0x18 .\CortexM3\ARM_GCC_541\Debug\SinOutputWithReporting.a(USBCOMM_descr.o)

.debug_pubnames
 *(.debug_pubnames)

.debug_info     0x00000000     0x801a
 *(.debug_info .gnu.linkonce.wi.*)
 .debug_info    0x00000000      0x64a .\CortexM3\ARM_GCC_541\Debug\main.o
 .debug_info    0x0000064a      0x560 .\CortexM3\ARM_GCC_541\Debug\cyfitter_cfg.o
 .debug_info    0x00000baa      0x135 .\CortexM3\ARM_GCC_541\Debug\cymetadata.o
 .debug_info    0x00000cdf      0x3cf .\CortexM3\ARM_GCC_541\Debug\Cm3Start.o
 .debug_info    0x000010ae      0x94e .\CortexM3\ARM_GCC_541\Debug\SinOutputWithReporting.a(CyDmac.o)
 .debug_info    0x000019fc     0x1374 .\CortexM3\ARM_GCC_541\Debug\SinOutputWithReporting.a(CyLib.o)
 .debug_info    0x00002d70      0xa2a .\CortexM3\ARM_GCC_541\Debug\SinOutputWithReporting.a(cyPm.o)
 .debug_info    0x0000379a      0x283 .\CortexM3\ARM_GCC_541\Debug\SinOutputWithReporting.a(AnalogClock.o)
 .debug_info    0x00003a1d      0x4de .\CortexM3\ARM_GCC_541\Debug\SinOutputWithReporting.a(WaveGen.o)
 .debug_info    0x00003efb      0x1aa .\CortexM3\ARM_GCC_541\Debug\SinOutputWithReporting.a(WaveGen_Wave1_DMA_dma.o)
 .debug_info    0x000040a5      0x1a7 .\CortexM3\ARM_GCC_541\Debug\SinOutputWithReporting.a(WaveGen_Wave2_DMA_dma.o)
 .debug_info    0x0000424c      0x1de .\CortexM3\ARM_GCC_541\Debug\SinOutputWithReporting.a(WaveGen_VDAC8.o)
 .debug_info    0x0000442a      0x5c0 .\CortexM3\ARM_GCC_541\Debug\SinOutputWithReporting.a(WaveFormReader.o)
 .debug_info    0x000049ea       0x92 .\CortexM3\ARM_GCC_541\Debug\SinOutputWithReporting.a(WaveFormReader_INT.o)
 .debug_info    0x00004a7c      0x2c4 .\CortexM3\ARM_GCC_541\Debug\SinOutputWithReporting.a(WaveFormReader_theACLK.o)
 .debug_info    0x00004d40      0x968 .\CortexM3\ARM_GCC_541\Debug\SinOutputWithReporting.a(USBCOMM.o)
 .debug_info    0x000056a8      0x655 .\CortexM3\ARM_GCC_541\Debug\SinOutputWithReporting.a(USBCOMM_drv.o)
 .debug_info    0x00005cfd      0x243 .\CortexM3\ARM_GCC_541\Debug\SinOutputWithReporting.a(USBCOMM_episr.o)
 .debug_info    0x00005f40      0x2e4 .\CortexM3\ARM_GCC_541\Debug\SinOutputWithReporting.a(USBCOMM_pm.o)
 .debug_info    0x00006224      0xaf0 .\CortexM3\ARM_GCC_541\Debug\SinOutputWithReporting.a(USBCOMM_std.o)
 .debug_info    0x00006d14       0xed .\CortexM3\ARM_GCC_541\Debug\SinOutputWithReporting.a(USBCOMM_vnd.o)
 .debug_info    0x00006e01      0x174 .\CortexM3\ARM_GCC_541\Debug\SinOutputWithReporting.a(USBCOMM_Dp.o)
 .debug_info    0x00006f75       0xa8 .\CortexM3\ARM_GCC_541\Debug\SinOutputWithReporting.a(CyBootAsmGnu.o)
 .debug_info    0x0000701d      0x64d .\CortexM3\ARM_GCC_541\Debug\SinOutputWithReporting.a(CyFlash.o)
 .debug_info    0x0000766a      0x550 .\CortexM3\ARM_GCC_541\Debug\SinOutputWithReporting.a(CySpc.o)
 .debug_info    0x00007bba      0x1ad .\CortexM3\ARM_GCC_541\Debug\SinOutputWithReporting.a(USBCOMM_cls.o)
 .debug_info    0x00007d67      0x2b3 .\CortexM3\ARM_GCC_541\Debug\SinOutputWithReporting.a(USBCOMM_descr.o)

.debug_abbrev   0x00000000     0x2115
 *(.debug_abbrev)
 .debug_abbrev  0x00000000      0x182 .\CortexM3\ARM_GCC_541\Debug\main.o
 .debug_abbrev  0x00000182      0x1fe .\CortexM3\ARM_GCC_541\Debug\cyfitter_cfg.o
 .debug_abbrev  0x00000380       0x66 .\CortexM3\ARM_GCC_541\Debug\cymetadata.o
 .debug_abbrev  0x000003e6      0x1e8 .\CortexM3\ARM_GCC_541\Debug\Cm3Start.o
 .debug_abbrev  0x000005ce      0x1b2 .\CortexM3\ARM_GCC_541\Debug\SinOutputWithReporting.a(CyDmac.o)
 .debug_abbrev  0x00000780      0x254 .\CortexM3\ARM_GCC_541\Debug\SinOutputWithReporting.a(CyLib.o)
 .debug_abbrev  0x000009d4      0x1ab .\CortexM3\ARM_GCC_541\Debug\SinOutputWithReporting.a(cyPm.o)
 .debug_abbrev  0x00000b7f      0x139 .\CortexM3\ARM_GCC_541\Debug\SinOutputWithReporting.a(AnalogClock.o)
 .debug_abbrev  0x00000cb8      0x10b .\CortexM3\ARM_GCC_541\Debug\SinOutputWithReporting.a(WaveGen.o)
 .debug_abbrev  0x00000dc3       0xcd .\CortexM3\ARM_GCC_541\Debug\SinOutputWithReporting.a(WaveGen_Wave1_DMA_dma.o)
 .debug_abbrev  0x00000e90       0xcd .\CortexM3\ARM_GCC_541\Debug\SinOutputWithReporting.a(WaveGen_Wave2_DMA_dma.o)
 .debug_abbrev  0x00000f5d       0xf7 .\CortexM3\ARM_GCC_541\Debug\SinOutputWithReporting.a(WaveGen_VDAC8.o)
 .debug_abbrev  0x00001054      0x1ac .\CortexM3\ARM_GCC_541\Debug\SinOutputWithReporting.a(WaveFormReader.o)
 .debug_abbrev  0x00001200       0x42 .\CortexM3\ARM_GCC_541\Debug\SinOutputWithReporting.a(WaveFormReader_INT.o)
 .debug_abbrev  0x00001242      0x121 .\CortexM3\ARM_GCC_541\Debug\SinOutputWithReporting.a(WaveFormReader_theACLK.o)
 .debug_abbrev  0x00001363      0x215 .\CortexM3\ARM_GCC_541\Debug\SinOutputWithReporting.a(USBCOMM.o)
 .debug_abbrev  0x00001578      0x189 .\CortexM3\ARM_GCC_541\Debug\SinOutputWithReporting.a(USBCOMM_drv.o)
 .debug_abbrev  0x00001701      0x11b .\CortexM3\ARM_GCC_541\Debug\SinOutputWithReporting.a(USBCOMM_episr.o)
 .debug_abbrev  0x0000181c      0x108 .\CortexM3\ARM_GCC_541\Debug\SinOutputWithReporting.a(USBCOMM_pm.o)
 .debug_abbrev  0x00001924      0x201 .\CortexM3\ARM_GCC_541\Debug\SinOutputWithReporting.a(USBCOMM_std.o)
 .debug_abbrev  0x00001b25       0x9b .\CortexM3\ARM_GCC_541\Debug\SinOutputWithReporting.a(USBCOMM_vnd.o)
 .debug_abbrev  0x00001bc0       0x90 .\CortexM3\ARM_GCC_541\Debug\SinOutputWithReporting.a(USBCOMM_Dp.o)
 .debug_abbrev  0x00001c50       0x14 .\CortexM3\ARM_GCC_541\Debug\SinOutputWithReporting.a(CyBootAsmGnu.o)
 .debug_abbrev  0x00001c64      0x1a7 .\CortexM3\ARM_GCC_541\Debug\SinOutputWithReporting.a(CyFlash.o)
 .debug_abbrev  0x00001e0b      0x194 .\CortexM3\ARM_GCC_541\Debug\SinOutputWithReporting.a(CySpc.o)
 .debug_abbrev  0x00001f9f       0xc2 .\CortexM3\ARM_GCC_541\Debug\SinOutputWithReporting.a(USBCOMM_cls.o)
 .debug_abbrev  0x00002061       0xb4 .\CortexM3\ARM_GCC_541\Debug\SinOutputWithReporting.a(USBCOMM_descr.o)

.debug_line     0x00000000     0x3119
 *(.debug_line)
 .debug_line    0x00000000      0x2cb .\CortexM3\ARM_GCC_541\Debug\main.o
 .debug_line    0x000002cb      0x1eb .\CortexM3\ARM_GCC_541\Debug\cyfitter_cfg.o
 .debug_line    0x000004b6      0x141 .\CortexM3\ARM_GCC_541\Debug\cymetadata.o
 .debug_line    0x000005f7      0x241 .\CortexM3\ARM_GCC_541\Debug\Cm3Start.o
 .debug_line    0x00000838      0x2e4 .\CortexM3\ARM_GCC_541\Debug\SinOutputWithReporting.a(CyDmac.o)
 .debug_line    0x00000b1c      0x816 .\CortexM3\ARM_GCC_541\Debug\SinOutputWithReporting.a(CyLib.o)
 .debug_line    0x00001332      0x367 .\CortexM3\ARM_GCC_541\Debug\SinOutputWithReporting.a(cyPm.o)
 .debug_line    0x00001699      0x17a .\CortexM3\ARM_GCC_541\Debug\SinOutputWithReporting.a(AnalogClock.o)
 .debug_line    0x00001813      0x13b .\CortexM3\ARM_GCC_541\Debug\SinOutputWithReporting.a(WaveGen.o)
 .debug_line    0x0000194e       0x8e .\CortexM3\ARM_GCC_541\Debug\SinOutputWithReporting.a(WaveGen_Wave1_DMA_dma.o)
 .debug_line    0x000019dc       0x8e .\CortexM3\ARM_GCC_541\Debug\SinOutputWithReporting.a(WaveGen_Wave2_DMA_dma.o)
 .debug_line    0x00001a6a       0xe9 .\CortexM3\ARM_GCC_541\Debug\SinOutputWithReporting.a(WaveGen_VDAC8.o)
 .debug_line    0x00001b53      0x228 .\CortexM3\ARM_GCC_541\Debug\SinOutputWithReporting.a(WaveFormReader.o)
 .debug_line    0x00001d7b       0x5b .\CortexM3\ARM_GCC_541\Debug\SinOutputWithReporting.a(WaveFormReader_INT.o)
 .debug_line    0x00001dd6      0x1a8 .\CortexM3\ARM_GCC_541\Debug\SinOutputWithReporting.a(WaveFormReader_theACLK.o)
 .debug_line    0x00001f7e      0x2d8 .\CortexM3\ARM_GCC_541\Debug\SinOutputWithReporting.a(USBCOMM.o)
 .debug_line    0x00002256      0x221 .\CortexM3\ARM_GCC_541\Debug\SinOutputWithReporting.a(USBCOMM_drv.o)
 .debug_line    0x00002477       0xcb .\CortexM3\ARM_GCC_541\Debug\SinOutputWithReporting.a(USBCOMM_episr.o)
 .debug_line    0x00002542      0x10e .\CortexM3\ARM_GCC_541\Debug\SinOutputWithReporting.a(USBCOMM_pm.o)
 .debug_line    0x00002650      0x3d3 .\CortexM3\ARM_GCC_541\Debug\SinOutputWithReporting.a(USBCOMM_std.o)
 .debug_line    0x00002a23       0x73 .\CortexM3\ARM_GCC_541\Debug\SinOutputWithReporting.a(USBCOMM_vnd.o)
 .debug_line    0x00002a96       0xbb .\CortexM3\ARM_GCC_541\Debug\SinOutputWithReporting.a(USBCOMM_Dp.o)
 .debug_line    0x00002b51       0x66 .\CortexM3\ARM_GCC_541\Debug\SinOutputWithReporting.a(CyBootAsmGnu.o)
 .debug_line    0x00002bb7      0x21a .\CortexM3\ARM_GCC_541\Debug\SinOutputWithReporting.a(CyFlash.o)
 .debug_line    0x00002dd1      0x260 .\CortexM3\ARM_GCC_541\Debug\SinOutputWithReporting.a(CySpc.o)
 .debug_line    0x00003031       0x87 .\CortexM3\ARM_GCC_541\Debug\SinOutputWithReporting.a(USBCOMM_cls.o)
 .debug_line    0x000030b8       0x61 .\CortexM3\ARM_GCC_541\Debug\SinOutputWithReporting.a(USBCOMM_descr.o)

.debug_frame    0x00000000     0x2678
 *(.debug_frame)
 .debug_frame   0x00000000       0xc4 .\CortexM3\ARM_GCC_541\Debug\main.o
 .debug_frame   0x000000c4       0xfc .\CortexM3\ARM_GCC_541\Debug\cyfitter_cfg.o
 .debug_frame   0x000001c0       0xb8 .\CortexM3\ARM_GCC_541\Debug\Cm3Start.o
 .debug_frame   0x00000278      0x1f8 .\CortexM3\ARM_GCC_541\Debug\SinOutputWithReporting.a(CyDmac.o)
 .debug_frame   0x00000470      0x738 .\CortexM3\ARM_GCC_541\Debug\SinOutputWithReporting.a(CyLib.o)
 .debug_frame   0x00000ba8      0x1f8 .\CortexM3\ARM_GCC_541\Debug\SinOutputWithReporting.a(cyPm.o)
 .debug_frame   0x00000da0       0xe0 .\CortexM3\ARM_GCC_541\Debug\SinOutputWithReporting.a(AnalogClock.o)
 .debug_frame   0x00000e80       0xe0 .\CortexM3\ARM_GCC_541\Debug\SinOutputWithReporting.a(WaveGen.o)
 .debug_frame   0x00000f60       0x54 .\CortexM3\ARM_GCC_541\Debug\SinOutputWithReporting.a(WaveGen_Wave1_DMA_dma.o)
 .debug_frame   0x00000fb4       0x54 .\CortexM3\ARM_GCC_541\Debug\SinOutputWithReporting.a(WaveGen_Wave2_DMA_dma.o)
 .debug_frame   0x00001008       0xb4 .\CortexM3\ARM_GCC_541\Debug\SinOutputWithReporting.a(WaveGen_VDAC8.o)
 .debug_frame   0x000010bc      0x1b4 .\CortexM3\ARM_GCC_541\Debug\SinOutputWithReporting.a(WaveFormReader.o)
 .debug_frame   0x00001270       0x20 .\CortexM3\ARM_GCC_541\Debug\SinOutputWithReporting.a(WaveFormReader_INT.o)
 .debug_frame   0x00001290      0x100 .\CortexM3\ARM_GCC_541\Debug\SinOutputWithReporting.a(WaveFormReader_theACLK.o)
 .debug_frame   0x00001390      0x1dc .\CortexM3\ARM_GCC_541\Debug\SinOutputWithReporting.a(USBCOMM.o)
 .debug_frame   0x0000156c      0x194 .\CortexM3\ARM_GCC_541\Debug\SinOutputWithReporting.a(USBCOMM_drv.o)
 .debug_frame   0x00001700       0x5c .\CortexM3\ARM_GCC_541\Debug\SinOutputWithReporting.a(USBCOMM_episr.o)
 .debug_frame   0x0000175c       0xa0 .\CortexM3\ARM_GCC_541\Debug\SinOutputWithReporting.a(USBCOMM_pm.o)
 .debug_frame   0x000017fc      0x178 .\CortexM3\ARM_GCC_541\Debug\SinOutputWithReporting.a(USBCOMM_std.o)
 .debug_frame   0x00001974       0x20 .\CortexM3\ARM_GCC_541\Debug\SinOutputWithReporting.a(USBCOMM_vnd.o)
 .debug_frame   0x00001994       0x70 .\CortexM3\ARM_GCC_541\Debug\SinOutputWithReporting.a(USBCOMM_Dp.o)
 .debug_frame   0x00001a04      0x194 .\CortexM3\ARM_GCC_541\Debug\SinOutputWithReporting.a(CyFlash.o)
 .debug_frame   0x00001b98      0x180 .\CortexM3\ARM_GCC_541\Debug\SinOutputWithReporting.a(CySpc.o)
 .debug_frame   0x00001d18       0x20 .\CortexM3\ARM_GCC_541\Debug\SinOutputWithReporting.a(USBCOMM_cls.o)
 .debug_frame   0x00001d38       0x44 c:/program files (x86)/cypress/psoc creator/4.2/psoc creator/import/gnu/arm/5.4.1/bin/../lib/gcc/arm-none-eabi/5.4.1/armv7-m\libgcc.a(_aeabi_ldivmod.o)
 .debug_frame   0x00001d7c       0x38 c:/program files (x86)/cypress/psoc creator/4.2/psoc creator/import/gnu/arm/5.4.1/bin/../lib/gcc/arm-none-eabi/5.4.1/armv7-m\libgcc.a(_udivmoddi4.o)
 .debug_frame   0x00001db4       0x30 c:/program files (x86)/cypress/psoc creator/4.2/psoc creator/import/gnu/arm/5.4.1/bin/../lib/gcc/arm-none-eabi/5.4.1/../../../../arm-none-eabi/lib/armv7-m\libg_nano.a(lib_a-atoi.o)
 .debug_frame   0x00001de4       0x20 c:/program files (x86)/cypress/psoc creator/4.2/psoc creator/import/gnu/arm/5.4.1/bin/../lib/gcc/arm-none-eabi/5.4.1/../../../../arm-none-eabi/lib/armv7-m\libg_nano.a(lib_a-errno.o)
 .debug_frame   0x00001e04       0x28 c:/program files (x86)/cypress/psoc creator/4.2/psoc creator/import/gnu/arm/5.4.1/bin/../lib/gcc/arm-none-eabi/5.4.1/../../../../arm-none-eabi/lib/armv7-m\libg_nano.a(lib_a-exit.o)
 .debug_frame   0x00001e2c       0x2c c:/program files (x86)/cypress/psoc creator/4.2/psoc creator/import/gnu/arm/5.4.1/bin/../lib/gcc/arm-none-eabi/5.4.1/../../../../arm-none-eabi/lib/armv7-m\libg_nano.a(lib_a-init.o)
 .debug_frame   0x00001e58       0x28 c:/program files (x86)/cypress/psoc creator/4.2/psoc creator/import/gnu/arm/5.4.1/bin/../lib/gcc/arm-none-eabi/5.4.1/../../../../arm-none-eabi/lib/armv7-m\libg_nano.a(lib_a-memcpy-stub.o)
 .debug_frame   0x00001e80       0x20 c:/program files (x86)/cypress/psoc creator/4.2/psoc creator/import/gnu/arm/5.4.1/bin/../lib/gcc/arm-none-eabi/5.4.1/../../../../arm-none-eabi/lib/armv7-m\libg_nano.a(lib_a-memset.o)
 .debug_frame   0x00001ea0       0x8c c:/program files (x86)/cypress/psoc creator/4.2/psoc creator/import/gnu/arm/5.4.1/bin/../lib/gcc/arm-none-eabi/5.4.1/../../../../arm-none-eabi/lib/armv7-m\libg_nano.a(lib_a-nano-vfprintf_float.o)
 .debug_frame   0x00001f2c       0x60 c:/program files (x86)/cypress/psoc creator/4.2/psoc creator/import/gnu/arm/5.4.1/bin/../lib/gcc/arm-none-eabi/5.4.1/../../../../arm-none-eabi/lib/armv7-m\libg_nano.a(lib_a-nano-vfprintf_i.o)
 .debug_frame   0x00001f8c       0x70 c:/program files (x86)/cypress/psoc creator/4.2/psoc creator/import/gnu/arm/5.4.1/bin/../lib/gcc/arm-none-eabi/5.4.1/../../../../arm-none-eabi/lib/armv7-m\libg_nano.a(lib_a-sprintf.o)
 .debug_frame   0x00001ffc       0x2c c:/program files (x86)/cypress/psoc creator/4.2/psoc creator/import/gnu/arm/5.4.1/bin/../lib/gcc/arm-none-eabi/5.4.1/../../../../arm-none-eabi/lib/armv7-m\libg_nano.a(lib_a-strncmp.o)
 .debug_frame   0x00002028       0x44 c:/program files (x86)/cypress/psoc creator/4.2/psoc creator/import/gnu/arm/5.4.1/bin/../lib/gcc/arm-none-eabi/5.4.1/../../../../arm-none-eabi/lib/armv7-m\libg_nano.a(lib_a-strtol.o)
 .debug_frame   0x0000206c       0x6c c:/program files (x86)/cypress/psoc creator/4.2/psoc creator/import/gnu/arm/5.4.1/bin/../lib/gcc/arm-none-eabi/5.4.1/../../../../arm-none-eabi/lib/armv7-m\libg_nano.a(lib_a-dtoa.o)
 .debug_frame   0x000020d8       0x98 c:/program files (x86)/cypress/psoc creator/4.2/psoc creator/import/gnu/arm/5.4.1/bin/../lib/gcc/arm-none-eabi/5.4.1/../../../../arm-none-eabi/lib/armv7-m\libg_nano.a(lib_a-locale.o)
 .debug_frame   0x00002170       0x30 c:/program files (x86)/cypress/psoc creator/4.2/psoc creator/import/gnu/arm/5.4.1/bin/../lib/gcc/arm-none-eabi/5.4.1/../../../../arm-none-eabi/lib/armv7-m\libg_nano.a(lib_a-malloc.o)
 .debug_frame   0x000021a0       0x28 c:/program files (x86)/cypress/psoc creator/4.2/psoc creator/import/gnu/arm/5.4.1/bin/../lib/gcc/arm-none-eabi/5.4.1/../../../../arm-none-eabi/lib/armv7-m\libg_nano.a(lib_a-memchr-stub.o)
 .debug_frame   0x000021c8      0x234 c:/program files (x86)/cypress/psoc creator/4.2/psoc creator/import/gnu/arm/5.4.1/bin/../lib/gcc/arm-none-eabi/5.4.1/../../../../arm-none-eabi/lib/armv7-m\libg_nano.a(lib_a-mprec.o)
 .debug_frame   0x000023fc       0x2c c:/program files (x86)/cypress/psoc creator/4.2/psoc creator/import/gnu/arm/5.4.1/bin/../lib/gcc/arm-none-eabi/5.4.1/../../../../arm-none-eabi/lib/armv7-m\libg_nano.a(lib_a-nano-callocr.o)
 .debug_frame   0x00002428       0x38 c:/program files (x86)/cypress/psoc creator/4.2/psoc creator/import/gnu/arm/5.4.1/bin/../lib/gcc/arm-none-eabi/5.4.1/../../../../arm-none-eabi/lib/armv7-m\libg_nano.a(lib_a-nano-freer.o)
 .debug_frame   0x00002460       0x2c c:/program files (x86)/cypress/psoc creator/4.2/psoc creator/import/gnu/arm/5.4.1/bin/../lib/gcc/arm-none-eabi/5.4.1/../../../../arm-none-eabi/lib/armv7-m\libg_nano.a(lib_a-nano-mallocr.o)
 .debug_frame   0x0000248c       0x90 c:/program files (x86)/cypress/psoc creator/4.2/psoc creator/import/gnu/arm/5.4.1/bin/../lib/gcc/arm-none-eabi/5.4.1/../../../../arm-none-eabi/lib/armv7-m\libg_nano.a(lib_a-nano-svfprintf.o)
 .debug_frame   0x0000251c       0x2c c:/program files (x86)/cypress/psoc creator/4.2/psoc creator/import/gnu/arm/5.4.1/bin/../lib/gcc/arm-none-eabi/5.4.1/../../../../arm-none-eabi/lib/armv7-m\libg_nano.a(lib_a-sbrkr.o)
 .debug_frame   0x00002548       0x20 c:/program files (x86)/cypress/psoc creator/4.2/psoc creator/import/gnu/arm/5.4.1/bin/../lib/gcc/arm-none-eabi/5.4.1/../../../../arm-none-eabi/lib/armv7-m\libg_nano.a(lib_a-strcmp.o)
 .debug_frame   0x00002568       0x28 c:/program files (x86)/cypress/psoc creator/4.2/psoc creator/import/gnu/arm/5.4.1/bin/../lib/gcc/arm-none-eabi/5.4.1/../../../../arm-none-eabi/lib/armv7-m\libg_nano.a(lib_a-memmove.o)
 .debug_frame   0x00002590       0x30 c:/program files (x86)/cypress/psoc creator/4.2/psoc creator/import/gnu/arm/5.4.1/bin/../lib/gcc/arm-none-eabi/5.4.1/../../../../arm-none-eabi/lib/armv7-m\libg_nano.a(lib_a-mlock.o)
 .debug_frame   0x000025c0       0x3c c:/program files (x86)/cypress/psoc creator/4.2/psoc creator/import/gnu/arm/5.4.1/bin/../lib/gcc/arm-none-eabi/5.4.1/../../../../arm-none-eabi/lib/armv7-m\libg_nano.a(lib_a-nano-reallocr.o)
 .debug_frame   0x000025fc       0x5c c:/program files (x86)/cypress/psoc creator/4.2/psoc creator/import/gnu/arm/5.4.1/bin/../lib/gcc/arm-none-eabi/5.4.1/../../../../arm-none-eabi/lib/armv7-m\libg_nano.a(lib_a-reent.o)
 .debug_frame   0x00002658       0x20 c:/program files (x86)/cypress/psoc creator/4.2/psoc creator/import/gnu/arm/5.4.1/bin/../lib/gcc/arm-none-eabi/5.4.1/../../../../arm-none-eabi/lib/armv7-m\libg_nano.a(lib_a-nano-msizer.o)

.debug_str      0x00000000     0x2e62
 *(.debug_str)
 .debug_str     0x00000000      0x3b1 .\CortexM3\ARM_GCC_541\Debug\main.o
                                0x41b (size before relaxing)
 .debug_str     0x000003b1      0x17d .\CortexM3\ARM_GCC_541\Debug\cyfitter_cfg.o
                                0x331 (size before relaxing)
 .debug_str     0x0000052e       0x7f .\CortexM3\ARM_GCC_541\Debug\cymetadata.o
                                0x1fc (size before relaxing)
 .debug_str     0x000005ad      0x154 .\CortexM3\ARM_GCC_541\Debug\Cm3Start.o
                                0x332 (size before relaxing)
 .debug_str     0x00000701      0x384 .\CortexM3\ARM_GCC_541\Debug\SinOutputWithReporting.a(CyDmac.o)
                                0x562 (size before relaxing)
 .debug_str     0x00000a85      0x7ea .\CortexM3\ARM_GCC_541\Debug\SinOutputWithReporting.a(CyLib.o)
                                0xa5f (size before relaxing)
 .debug_str     0x0000126f      0x365 .\CortexM3\ARM_GCC_541\Debug\SinOutputWithReporting.a(cyPm.o)
                                0x74b (size before relaxing)
 .debug_str     0x000015d4      0x161 .\CortexM3\ARM_GCC_541\Debug\SinOutputWithReporting.a(AnalogClock.o)
                                0x336 (size before relaxing)
 .debug_str     0x00001735      0x1e0 .\CortexM3\ARM_GCC_541\Debug\SinOutputWithReporting.a(WaveGen.o)
                                0x40d (size before relaxing)
 .debug_str     0x00001915       0xa3 .\CortexM3\ARM_GCC_541\Debug\SinOutputWithReporting.a(WaveGen_Wave1_DMA_dma.o)
                                0x2b4 (size before relaxing)
 .debug_str     0x000019b8       0x68 .\CortexM3\ARM_GCC_541\Debug\SinOutputWithReporting.a(WaveGen_Wave2_DMA_dma.o)
                                0x2b4 (size before relaxing)
 .debug_str     0x00001a20       0x73 .\CortexM3\ARM_GCC_541\Debug\SinOutputWithReporting.a(WaveGen_VDAC8.o)
                                0x287 (size before relaxing)
 .debug_str     0x00001a93      0x275 .\CortexM3\ARM_GCC_541\Debug\SinOutputWithReporting.a(WaveFormReader.o)
                                0x552 (size before relaxing)
 .debug_str     0x00001d08       0x3f .\CortexM3\ARM_GCC_541\Debug\SinOutputWithReporting.a(WaveFormReader_INT.o)
                                0x1bd (size before relaxing)
 .debug_str     0x00001d47      0x1fd .\CortexM3\ARM_GCC_541\Debug\SinOutputWithReporting.a(WaveFormReader_theACLK.o)
                                0x413 (size before relaxing)
 .debug_str     0x00001f44      0x38c .\CortexM3\ARM_GCC_541\Debug\SinOutputWithReporting.a(USBCOMM.o)
                                0x682 (size before relaxing)
 .debug_str     0x000022d0      0x35a .\CortexM3\ARM_GCC_541\Debug\SinOutputWithReporting.a(USBCOMM_drv.o)
                                0x660 (size before relaxing)
 .debug_str     0x0000262a       0x6f .\CortexM3\ARM_GCC_541\Debug\SinOutputWithReporting.a(USBCOMM_episr.o)
                                0x2e6 (size before relaxing)
 .debug_str     0x00002699       0xd2 .\CortexM3\ARM_GCC_541\Debug\SinOutputWithReporting.a(USBCOMM_pm.o)
                                0x308 (size before relaxing)
 .debug_str     0x0000276b      0x29e .\CortexM3\ARM_GCC_541\Debug\SinOutputWithReporting.a(USBCOMM_std.o)
                                0x7b1 (size before relaxing)
 .debug_str     0x00002a09       0x25 .\CortexM3\ARM_GCC_541\Debug\SinOutputWithReporting.a(USBCOMM_vnd.o)
                                0x205 (size before relaxing)
 .debug_str     0x00002a2e       0xa4 .\CortexM3\ARM_GCC_541\Debug\SinOutputWithReporting.a(USBCOMM_Dp.o)
                                0x259 (size before relaxing)
 .debug_str     0x00002ad2      0x1bb .\CortexM3\ARM_GCC_541\Debug\SinOutputWithReporting.a(CyFlash.o)
                                0x3d8 (size before relaxing)
 .debug_str     0x00002c8d       0xac .\CortexM3\ARM_GCC_541\Debug\SinOutputWithReporting.a(CySpc.o)
                                0x350 (size before relaxing)
 .debug_str     0x00002d39       0x25 .\CortexM3\ARM_GCC_541\Debug\SinOutputWithReporting.a(USBCOMM_cls.o)
                                0x290 (size before relaxing)
 .debug_str     0x00002d5e      0x104 .\CortexM3\ARM_GCC_541\Debug\SinOutputWithReporting.a(USBCOMM_descr.o)
                                0x371 (size before relaxing)

.debug_loc      0x00000000     0x3d79
 *(.debug_loc)
 .debug_loc     0x00000000      0x142 .\CortexM3\ARM_GCC_541\Debug\main.o
 .debug_loc     0x00000142      0x1fd .\CortexM3\ARM_GCC_541\Debug\cyfitter_cfg.o
 .debug_loc     0x0000033f      0x144 .\CortexM3\ARM_GCC_541\Debug\Cm3Start.o
 .debug_loc     0x00000483      0xb8e .\CortexM3\ARM_GCC_541\Debug\SinOutputWithReporting.a(CyDmac.o)
 .debug_loc     0x00001011      0xa11 .\CortexM3\ARM_GCC_541\Debug\SinOutputWithReporting.a(CyLib.o)
 .debug_loc     0x00001a22      0x1e4 .\CortexM3\ARM_GCC_541\Debug\SinOutputWithReporting.a(cyPm.o)
 .debug_loc     0x00001c06      0x12c .\CortexM3\ARM_GCC_541\Debug\SinOutputWithReporting.a(AnalogClock.o)
 .debug_loc     0x00001d32      0x11b .\CortexM3\ARM_GCC_541\Debug\SinOutputWithReporting.a(WaveGen.o)
 .debug_loc     0x00001e4d       0x84 .\CortexM3\ARM_GCC_541\Debug\SinOutputWithReporting.a(WaveGen_Wave1_DMA_dma.o)
 .debug_loc     0x00001ed1       0x84 .\CortexM3\ARM_GCC_541\Debug\SinOutputWithReporting.a(WaveGen_Wave2_DMA_dma.o)
 .debug_loc     0x00001f55       0x79 .\CortexM3\ARM_GCC_541\Debug\SinOutputWithReporting.a(WaveGen_VDAC8.o)
 .debug_loc     0x00001fce      0x292 .\CortexM3\ARM_GCC_541\Debug\SinOutputWithReporting.a(WaveFormReader.o)
 .debug_loc     0x00002260      0x14d .\CortexM3\ARM_GCC_541\Debug\SinOutputWithReporting.a(WaveFormReader_theACLK.o)
 .debug_loc     0x000023ad      0x3e1 .\CortexM3\ARM_GCC_541\Debug\SinOutputWithReporting.a(USBCOMM.o)
 .debug_loc     0x0000278e      0x171 .\CortexM3\ARM_GCC_541\Debug\SinOutputWithReporting.a(USBCOMM_drv.o)
 .debug_loc     0x000028ff       0x26 .\CortexM3\ARM_GCC_541\Debug\SinOutputWithReporting.a(USBCOMM_pm.o)
 .debug_loc     0x00002925      0x919 .\CortexM3\ARM_GCC_541\Debug\SinOutputWithReporting.a(USBCOMM_std.o)
 .debug_loc     0x0000323e       0x84 .\CortexM3\ARM_GCC_541\Debug\SinOutputWithReporting.a(USBCOMM_Dp.o)
 .debug_loc     0x000032c2      0x3b2 .\CortexM3\ARM_GCC_541\Debug\SinOutputWithReporting.a(CyFlash.o)
 .debug_loc     0x00003674      0x705 .\CortexM3\ARM_GCC_541\Debug\SinOutputWithReporting.a(CySpc.o)

.debug_macinfo
 *(.debug_macinfo)

.debug_ranges   0x00000000      0xa28
 *(.debug_ranges)
 .debug_ranges  0x00000000       0x38 .\CortexM3\ARM_GCC_541\Debug\main.o
 .debug_ranges  0x00000038       0x48 .\CortexM3\ARM_GCC_541\Debug\cyfitter_cfg.o
 .debug_ranges  0x00000080       0x38 .\CortexM3\ARM_GCC_541\Debug\Cm3Start.o
 .debug_ranges  0x000000b8       0xc8 .\CortexM3\ARM_GCC_541\Debug\SinOutputWithReporting.a(CyDmac.o)
 .debug_ranges  0x00000180      0x290 .\CortexM3\ARM_GCC_541\Debug\SinOutputWithReporting.a(CyLib.o)
 .debug_ranges  0x00000410       0x88 .\CortexM3\ARM_GCC_541\Debug\SinOutputWithReporting.a(cyPm.o)
 .debug_ranges  0x00000498       0x60 .\CortexM3\ARM_GCC_541\Debug\SinOutputWithReporting.a(AnalogClock.o)
 .debug_ranges  0x000004f8       0x40 .\CortexM3\ARM_GCC_541\Debug\SinOutputWithReporting.a(WaveGen.o)
 .debug_ranges  0x00000538       0x18 .\CortexM3\ARM_GCC_541\Debug\SinOutputWithReporting.a(WaveGen_Wave1_DMA_dma.o)
 .debug_ranges  0x00000550       0x18 .\CortexM3\ARM_GCC_541\Debug\SinOutputWithReporting.a(WaveGen_Wave2_DMA_dma.o)
 .debug_ranges  0x00000568       0x48 .\CortexM3\ARM_GCC_541\Debug\SinOutputWithReporting.a(WaveGen_VDAC8.o)
 .debug_ranges  0x000005b0       0x98 .\CortexM3\ARM_GCC_541\Debug\SinOutputWithReporting.a(WaveFormReader.o)
 .debug_ranges  0x00000648       0x10 .\CortexM3\ARM_GCC_541\Debug\SinOutputWithReporting.a(WaveFormReader_INT.o)
 .debug_ranges  0x00000658       0x70 .\CortexM3\ARM_GCC_541\Debug\SinOutputWithReporting.a(WaveFormReader_theACLK.o)
 .debug_ranges  0x000006c8       0xd0 .\CortexM3\ARM_GCC_541\Debug\SinOutputWithReporting.a(USBCOMM.o)
 .debug_ranges  0x00000798       0x88 .\CortexM3\ARM_GCC_541\Debug\SinOutputWithReporting.a(USBCOMM_drv.o)
 .debug_ranges  0x00000820       0x28 .\CortexM3\ARM_GCC_541\Debug\SinOutputWithReporting.a(USBCOMM_episr.o)
 .debug_ranges  0x00000848       0x30 .\CortexM3\ARM_GCC_541\Debug\SinOutputWithReporting.a(USBCOMM_pm.o)
 .debug_ranges  0x00000878       0x70 .\CortexM3\ARM_GCC_541\Debug\SinOutputWithReporting.a(USBCOMM_std.o)
 .debug_ranges  0x000008e8       0x10 .\CortexM3\ARM_GCC_541\Debug\SinOutputWithReporting.a(USBCOMM_vnd.o)
 .debug_ranges  0x000008f8       0x38 .\CortexM3\ARM_GCC_541\Debug\SinOutputWithReporting.a(USBCOMM_Dp.o)
 .debug_ranges  0x00000930       0x78 .\CortexM3\ARM_GCC_541\Debug\SinOutputWithReporting.a(CyFlash.o)
 .debug_ranges  0x000009a8       0x70 .\CortexM3\ARM_GCC_541\Debug\SinOutputWithReporting.a(CySpc.o)
 .debug_ranges  0x00000a18       0x10 .\CortexM3\ARM_GCC_541\Debug\SinOutputWithReporting.a(USBCOMM_cls.o)

.comment        0x00000000       0x6e
 .comment       0x00000000       0x6e .\CortexM3\ARM_GCC_541\Debug\main.o
                                 0x6f (size before relaxing)
 .comment       0x0000006e       0x6f .\CortexM3\ARM_GCC_541\Debug\cyfitter_cfg.o
 .comment       0x0000006e       0x6f .\CortexM3\ARM_GCC_541\Debug\cymetadata.o
 .comment       0x0000006e       0x6f .\CortexM3\ARM_GCC_541\Debug\Cm3Start.o
 .comment       0x0000006e       0x6f .\CortexM3\ARM_GCC_541\Debug\SinOutputWithReporting.a(CyDmac.o)
 .comment       0x0000006e       0x6f .\CortexM3\ARM_GCC_541\Debug\SinOutputWithReporting.a(CyLib.o)
 .comment       0x0000006e       0x6f .\CortexM3\ARM_GCC_541\Debug\SinOutputWithReporting.a(cyPm.o)
 .comment       0x0000006e       0x6f .\CortexM3\ARM_GCC_541\Debug\SinOutputWithReporting.a(AnalogClock.o)
 .comment       0x0000006e       0x6f .\CortexM3\ARM_GCC_541\Debug\SinOutputWithReporting.a(WaveGen.o)
 .comment       0x0000006e       0x6f .\CortexM3\ARM_GCC_541\Debug\SinOutputWithReporting.a(WaveGen_Wave1_DMA_dma.o)
 .comment       0x0000006e       0x6f .\CortexM3\ARM_GCC_541\Debug\SinOutputWithReporting.a(WaveGen_Wave2_DMA_dma.o)
 .comment       0x0000006e       0x6f .\CortexM3\ARM_GCC_541\Debug\SinOutputWithReporting.a(WaveGen_VDAC8.o)
 .comment       0x0000006e       0x6f .\CortexM3\ARM_GCC_541\Debug\SinOutputWithReporting.a(WaveFormReader.o)
 .comment       0x0000006e       0x6f .\CortexM3\ARM_GCC_541\Debug\SinOutputWithReporting.a(WaveFormReader_INT.o)
 .comment       0x0000006e       0x6f .\CortexM3\ARM_GCC_541\Debug\SinOutputWithReporting.a(WaveFormReader_theACLK.o)
 .comment       0x0000006e       0x6f .\CortexM3\ARM_GCC_541\Debug\SinOutputWithReporting.a(USBCOMM.o)
 .comment       0x0000006e       0x6f .\CortexM3\ARM_GCC_541\Debug\SinOutputWithReporting.a(USBCOMM_drv.o)
 .comment       0x0000006e       0x6f .\CortexM3\ARM_GCC_541\Debug\SinOutputWithReporting.a(USBCOMM_episr.o)
 .comment       0x0000006e       0x6f .\CortexM3\ARM_GCC_541\Debug\SinOutputWithReporting.a(USBCOMM_pm.o)
 .comment       0x0000006e       0x6f .\CortexM3\ARM_GCC_541\Debug\SinOutputWithReporting.a(USBCOMM_std.o)
 .comment       0x0000006e       0x6f .\CortexM3\ARM_GCC_541\Debug\SinOutputWithReporting.a(USBCOMM_vnd.o)
 .comment       0x0000006e       0x6f .\CortexM3\ARM_GCC_541\Debug\SinOutputWithReporting.a(USBCOMM_Dp.o)
 .comment       0x0000006e       0x6f .\CortexM3\ARM_GCC_541\Debug\SinOutputWithReporting.a(CyFlash.o)
 .comment       0x0000006e       0x6f .\CortexM3\ARM_GCC_541\Debug\SinOutputWithReporting.a(CySpc.o)
 .comment       0x0000006e       0x6f .\CortexM3\ARM_GCC_541\Debug\SinOutputWithReporting.a(USBCOMM_cls.o)
 .comment       0x0000006e       0x6f .\CortexM3\ARM_GCC_541\Debug\SinOutputWithReporting.a(USBCOMM_descr.o)

.debug_weaknames
 *(.debug_weaknames)

.debug_funcnames
 *(.debug_funcnames)

.debug_typenames
 *(.debug_typenames)

.debug_varnames
 *(.debug_varnames)

.note.gnu.arm.ident
 *(.note.gnu.arm.ident)

.ARM.attributes
                0x00000000       0x29
 *(.ARM.attributes)
 .ARM.attributes
                0x00000000       0x1d c:/program files (x86)/cypress/psoc creator/4.2/psoc creator/import/gnu/arm/5.4.1/bin/../lib/gcc/arm-none-eabi/5.4.1/armv7-m/crti.o
 .ARM.attributes
                0x0000001d       0x2d c:/program files (x86)/cypress/psoc creator/4.2/psoc creator/import/gnu/arm/5.4.1/bin/../lib/gcc/arm-none-eabi/5.4.1/armv7-m/crtbegin.o
 .ARM.attributes
                0x0000004a       0x1b c:/program files (x86)/cypress/psoc creator/4.2/psoc creator/import/gnu/arm/5.4.1/bin/../lib/gcc/arm-none-eabi/5.4.1/../../../../arm-none-eabi/lib/armv7-m/crt0.o
 .ARM.attributes
                0x00000065       0x33 .\CortexM3\ARM_GCC_541\Debug\main.o
 .ARM.attributes
                0x00000098       0x33 .\CortexM3\ARM_GCC_541\Debug\cyfitter_cfg.o
 .ARM.attributes
                0x000000cb       0x33 .\CortexM3\ARM_GCC_541\Debug\cymetadata.o
 .ARM.attributes
                0x000000fe       0x33 .\CortexM3\ARM_GCC_541\Debug\Cm3Start.o
 .ARM.attributes
                0x00000131       0x33 .\CortexM3\ARM_GCC_541\Debug\SinOutputWithReporting.a(CyDmac.o)
 .ARM.attributes
                0x00000164       0x33 .\CortexM3\ARM_GCC_541\Debug\SinOutputWithReporting.a(CyLib.o)
 .ARM.attributes
                0x00000197       0x33 .\CortexM3\ARM_GCC_541\Debug\SinOutputWithReporting.a(cyPm.o)
 .ARM.attributes